Component: ARM Compiler 5.06 update 5 (build 528) Tool: armlink [4d35e2]

==============================================================================

Section Cross References

    startup_stm32h723xx.o(RESET) refers to startup_stm32h723xx.o(STACK) for __initial_sp
    startup_stm32h723xx.o(RESET) refers to startup_stm32h723xx.o(.text) for Reset_Handler
    startup_stm32h723xx.o(RESET) refers to stm32h7xx_it.o(i.NMI_Handler) for NMI_Handler
    startup_stm32h723xx.o(RESET) refers to stm32h7xx_it.o(i.HardFault_Handler) for HardFault_Handler
    startup_stm32h723xx.o(RESET) refers to stm32h7xx_it.o(i.MemManage_Handler) for MemManage_Handler
    startup_stm32h723xx.o(RESET) refers to stm32h7xx_it.o(i.BusFault_Handler) for BusFault_Handler
    startup_stm32h723xx.o(RESET) refers to stm32h7xx_it.o(i.UsageFault_Handler) for UsageFault_Handler
    startup_stm32h723xx.o(RESET) refers to port.o(.emb_text) for SVC_Handler
    startup_stm32h723xx.o(RESET) refers to stm32h7xx_it.o(i.DebugMon_Handler) for DebugMon_Handler
    startup_stm32h723xx.o(RESET) refers to port.o(i.SysTick_Handler) for SysTick_Handler
    startup_stm32h723xx.o(RESET) refers to stm32h7xx_it.o(i.DMA1_Stream0_IRQHandler) for DMA1_Stream0_IRQHandler
    startup_stm32h723xx.o(RESET) refers to stm32h7xx_it.o(i.DMA1_Stream1_IRQHandler) for DMA1_Stream1_IRQHandler
    startup_stm32h723xx.o(RESET) refers to stm32h7xx_it.o(i.DMA1_Stream2_IRQHandler) for DMA1_Stream2_IRQHandler
    startup_stm32h723xx.o(RESET) refers to stm32h7xx_it.o(i.DMA1_Stream3_IRQHandler) for DMA1_Stream3_IRQHandler
    startup_stm32h723xx.o(RESET) refers to stm32h7xx_it.o(i.DMA1_Stream4_IRQHandler) for DMA1_Stream4_IRQHandler
    startup_stm32h723xx.o(RESET) refers to stm32h7xx_it.o(i.DMA1_Stream5_IRQHandler) for DMA1_Stream5_IRQHandler
    startup_stm32h723xx.o(RESET) refers to stm32h7xx_it.o(i.DMA1_Stream6_IRQHandler) for DMA1_Stream6_IRQHandler
    startup_stm32h723xx.o(RESET) refers to stm32h7xx_it.o(i.FDCAN1_IT0_IRQHandler) for FDCAN1_IT0_IRQHandler
    startup_stm32h723xx.o(RESET) refers to stm32h7xx_it.o(i.FDCAN2_IT0_IRQHandler) for FDCAN2_IT0_IRQHandler
    startup_stm32h723xx.o(RESET) refers to stm32h7xx_it.o(i.TIM1_UP_IRQHandler) for TIM1_UP_IRQHandler
    startup_stm32h723xx.o(RESET) refers to stm32h7xx_it.o(i.TIM2_IRQHandler) for TIM2_IRQHandler
    startup_stm32h723xx.o(RESET) refers to stm32h7xx_it.o(i.SPI1_IRQHandler) for SPI1_IRQHandler
    startup_stm32h723xx.o(RESET) refers to stm32h7xx_it.o(i.USART1_IRQHandler) for USART1_IRQHandler
    startup_stm32h723xx.o(RESET) refers to stm32h7xx_it.o(i.USART2_IRQHandler) for USART2_IRQHandler
    startup_stm32h723xx.o(RESET) refers to stm32h7xx_it.o(i.USART3_IRQHandler) for USART3_IRQHandler
    startup_stm32h723xx.o(RESET) refers to stm32h7xx_it.o(i.DMA1_Stream7_IRQHandler) for DMA1_Stream7_IRQHandler
    startup_stm32h723xx.o(RESET) refers to stm32h7xx_it.o(i.DMA2_Stream0_IRQHandler) for DMA2_Stream0_IRQHandler
    startup_stm32h723xx.o(RESET) refers to stm32h7xx_it.o(i.DMA2_Stream1_IRQHandler) for DMA2_Stream1_IRQHandler
    startup_stm32h723xx.o(RESET) refers to stm32h7xx_it.o(i.DMA2_Stream2_IRQHandler) for DMA2_Stream2_IRQHandler
    startup_stm32h723xx.o(RESET) refers to stm32h7xx_it.o(i.USART6_IRQHandler) for USART6_IRQHandler
    startup_stm32h723xx.o(RESET) refers to stm32h7xx_it.o(i.OTG_HS_EP1_OUT_IRQHandler) for OTG_HS_EP1_OUT_IRQHandler
    startup_stm32h723xx.o(RESET) refers to stm32h7xx_it.o(i.OTG_HS_EP1_IN_IRQHandler) for OTG_HS_EP1_IN_IRQHandler
    startup_stm32h723xx.o(RESET) refers to stm32h7xx_it.o(i.OTG_HS_IRQHandler) for OTG_HS_IRQHandler
    startup_stm32h723xx.o(RESET) refers to stm32h7xx_it.o(i.USART10_IRQHandler) for USART10_IRQHandler
    startup_stm32h723xx.o(RESET) refers to stm32h7xx_it.o(i.FDCAN3_IT0_IRQHandler) for FDCAN3_IT0_IRQHandler
    startup_stm32h723xx.o(.text) refers to system_stm32h7xx.o(i.SystemInit) for SystemInit
    startup_stm32h723xx.o(.text) refers to entry.o(.ARM.Collect$$$$00000000) for __main
    main.o(i.HAL_TIM_PeriodElapsedCallback) refers to stm32h7xx_hal.o(i.HAL_IncTick) for HAL_IncTick
    main.o(i.HAL_TIM_PeriodElapsedCallback) refers to us_time.o(.bss) for prv_us_time
    main.o(i.PeriphCommonClock_Config) refers to memseta.o(.text) for __aeabi_memclr4
    main.o(i.PeriphCommonClock_Config) refers to stm32h7xx_hal_rcc_ex.o(i.HAL_RCCEx_PeriphCLKConfig) for HAL_RCCEx_PeriphCLKConfig
    main.o(i.PeriphCommonClock_Config) refers to main.o(i.Error_Handler) for Error_Handler
    main.o(i.SystemClock_Config) refers to memseta.o(.text) for __aeabi_memclr4
    main.o(i.SystemClock_Config) refers to stm32h7xx_hal_pwr_ex.o(i.HAL_PWREx_ConfigSupply) for HAL_PWREx_ConfigSupply
    main.o(i.SystemClock_Config) refers to stm32h7xx_hal_rcc.o(i.HAL_RCC_OscConfig) for HAL_RCC_OscConfig
    main.o(i.SystemClock_Config) refers to main.o(i.Error_Handler) for Error_Handler
    main.o(i.SystemClock_Config) refers to stm32h7xx_hal_rcc.o(i.HAL_RCC_ClockConfig) for HAL_RCC_ClockConfig
[...]
    hdma_usart10_tx                          0x240025ac   Data         120  usart.o(.bss)
    htim1                                    0x24002624   Data          76  stm32h7xx_hal_timebase_tim.o(.bss)
    hUsbDeviceHS                             0x24002670   Data         720  usb_device.o(.bss)
    hpcd_USB_OTG_HS                          0x24002940   Data        1032  usbd_conf.o(.bss)
    gimbal                                   0x24002f68   Data         364  gimbal_task.o(.bss)
    chassis_x_ramp                           0x240030d4   Data          20  chassis_task.o(.bss)
    chassis_y_ramp                           0x240030e8   Data          20  chassis_task.o(.bss)
    kal_3508_vel                             0x240030fc   Data         568  chassis_task.o(.bss)
    kal_wy                                   0x24003334   Data         284  chassis_task.o(.bss)
    FGT_sin_chassis                          0x24003450   Data          28  chassis_task.o(.bss)
    chassis                                  0x2400346c   Data          24  chassis_task.o(.bss)
    shoot                                    0x240034a4   Data         368  shoot_task.o(.bss)
    ui_time                                  0x24003614   Data          24  ui_task.o(.bss)
    tx_message                               0x2400362c   Data          36  can_comm.o(.bss)
    rx_fifo0_message                         0x24003650   Data          40  can_comm.o(.bss)
    rx_fifo1_message                         0x24003678   Data          40  can_comm.o(.bss)
    rx_fifo0_data                            0x240036a0   Data          64  can_comm.o(.bss)
    rx_fifo1_data                            0x240036e0   Data          64  can_comm.o(.bss)
    dr16_dma_rx_buf                          0x24003720   Data          18  usart_comm.o(.bss)
    judge_data_rx_buf                        0x24003732   Data         150  usart_comm.o(.bss)
    debug_dma_rx_buf                         0x240037c8   Data          10  usart_comm.o(.bss)
    motor_msg                                0x240037e0   Data         144  drv_dji_motor.o(.bss)
    fric_motor                               0x24003870   Data         152  drv_dji_motor.o(.bss)
    driver_motor                             0x24003908   Data         152  drv_dji_motor.o(.bss)
    pit_motor                                0x240039a0   Data          76  drv_dji_motor.o(.bss)
    yaw_motor                                0x240039ec   Data          76  drv_dji_motor.o(.bss)
    trigger_motor                            0x24003a38   Data          76  drv_dji_motor.o(.bss)
    joint_motor                              0x24003a84   Data         272  drv_ht_motor.o(.bss)
    rgb                                      0x24003b94   Data         196  drv_ws2812b.o(.bss)
    rc                                       0x24003c58   Data          24  prot_dr16.o(.bss)
    kb_status                                0x24003c70   Data          52  prot_dr16.o(.bss)
    chassis_imu                              0x24003cb4   Data          40  prot_imu.o(.bss)
    gimbal_imu                               0x24003cdc   Data          40  prot_imu.o(.bss)
    game_status                              0x24003d04   Data          11  prot_judge.o(.bss)
    game_robot_HP                            0x24003d0f   Data          36  prot_judge.o(.bss)
    robot_status                             0x24003d33   Data          13  prot_judge.o(.bss)
    power_heat_data                          0x24003d40   Data          16  prot_judge.o(.bss)
    robot_pos                                0x24003d50   Data          12  prot_judge.o(.bss)
    robot_interaction_data                   0x24003d5c   Data         119  prot_judge.o(.bss)
    map_command                              0x24003dd3   Data          11  prot_judge.o(.bss)
    map_robot_data                           0x24003dde   Data          10  prot_judge.o(.bss)
    remote_control                           0x24003de8   Data          12  prot_judge.o(.bss)
    supercap                                 0x24003df4   Data          20  prot_power.o(.bss)
    power_control                            0x24003e08   Data          52  prot_power.o(.bss)
    vision                                   0x24003e3c   Data         100  prot_vision.o(.bss)
    input_data                               0x24003ea0   Data          48  knn.o(.bss)
    ui_default_group1_0                      0x24003ed0   Data          90  ui_default_group1_0.o(.bss)
    ui_default_group2_0                      0x24003f2a   Data          60  ui_default_group2_0.o(.bss)
    ui_default_group2_1                      0x24003f66   Data          60  ui_default_group2_1.o(.bss)
    ui_default_group2_2                      0x24003fa2   Data          60  ui_default_group2_2.o(.bss)
    ui_default_group2_3                      0x24003fde   Data          60  ui_default_group2_3.o(.bss)
    ui_default_group2_4                      0x2400401a   Data          60  ui_default_group2_4.o(.bss)
    ui_default_group3_0                      0x24004056   Data         120  ui_default_group3_0.o(.bss)
    ui_default_group4_0                      0x240040ce   Data          90  ui_default_group4_0.o(.bss)
    ui_default_group5_0                      0x24004128   Data         120  ui_default_group5_0.o(.bss)
    ui_default_group5_1                      0x240041a0   Data          45  ui_default_group5_1.o(.bss)
    vmc                                      0x240041d0   Data         536  leg_vmc.o(.bss)
    kal_gnd_roll                             0x240043e8   Data         284  wheel_leg_model.o(.bss)
    kal_v0_fdb                               0x24004504   Data         284  wheel_leg_model.o(.bss)
    kal_w0_fdb                               0x24004620   Data         284  wheel_leg_model.o(.bss)
    twm                                      0x2400473c   Data          80  wheel_leg_model.o(.bss)
    tlm                                      0x2400478c   Data          56  wheel_leg_model.o(.bss)
    wlr                                      0x240047c4   Data         260  wlr.o(.bss)
    lqr                                      0x240048c8   Data         312  wlr.o(.bss)
    kal_fn                                   0x24004a00   Data         568  wlr.o(.bss)
    height_ramp                              0x24004c38   Data          20  wlr.o(.bss)
    pid_leg_length                           0x24004c4c   Data         136  wlr.o(.bss)
    pid_leg_length_fast                      0x24004cd4   Data         136  wlr.o(.bss)
    pid_leg_vy                               0x24004d5c   Data         136  wlr.o(.bss)
    pid_roll                                 0x24004de4   Data          68  wlr.o(.bss)
    prv_us_time                              0x24004e28   Data          16  us_time.o(.bss)
    xQueueRegistry                           0x24004e38   Data          64  queue.o(.bss)
    __heap_base                              0x24008c50   Data           0  startup_stm32h723xx.o(HEAP)
    __heap_limit                             0x24009c50   Data           0  startup_stm32h723xx.o(HEAP)
    __initial_sp                             0x2400bc50   Data           0  startup_stm32h723xx.o(STACK)



==============================================================================

Memory Map of the image

  Image Entry point : 0x080002cd

  Load Region LR_IROM1 (Base: 0x08000000, Size: 0x0001d208, Max: 0x00100000, ABSOLUTE, COMPRESSED[0x0001c89c])

    Execution Region ER_IROM1 (Exec base: 0x08000000, Load base: 0x08000000, Size: 0x0001be38, Max: 0x00100000, ABSOLUTE)

    Exec Addr    Load Addr    Size         Type   Attr      Idx    E Section Name        Object

    0x08000000   0x08000000   0x000002cc   Data   RO            3    RESET               startup_stm32h723xx.o
    0x080002cc   0x080002cc   0x00000000   Code   RO        12178  * .ARM.Collect$$$$00000000  mc_w.l(entry.o)
    0x080002cc   0x080002cc   0x00000004   Code   RO        12534    .ARM.Collect$$$$00000001  mc_w.l(entry2.o)
    0x080002d0   0x080002d0   0x00000004   Code   RO        12537    .ARM.Collect$$$$00000004  mc_w.l(entry5.o)
    0x080002d4   0x080002d4   0x00000000   Code   RO        12539    .ARM.Collect$$$$00000008  mc_w.l(entry7b.o)
    0x080002d4   0x080002d4   0x00000000   Code   RO        12541    .ARM.Collect$$$$0000000A  mc_w.l(entry8b.o)
    0x080002d4   0x080002d4   0x00000008   Code   RO        12542    .ARM.Collect$$$$0000000B  mc_w.l(entry9a.o)
    0x080002dc   0x080002dc   0x00000000   Code   RO        12544    .ARM.Collect$$$$0000000D  mc_w.l(entry10a.o)
    0x080002dc   0x080002dc   0x00000000   Code   RO        12546    .ARM.Collect$$$$0000000F  mc_w.l(entry11a.o)
    0x080002dc   0x080002dc   0x00000004   Code   RO        12535    .ARM.Collect$$$$00002712  mc_w.l(entry2.o)
    0x080002e0   0x080002e0   0x000000be   Code   RO        11373    .emb_text           port.o
    0x0800039e   0x0800039e   0x00000002   PAD
    0x080003a0   0x080003a0   0x00000024   Code   RO            4    .text               startup_stm32h723xx.o
    0x080003c4   0x080003c4   0x00000062   Code   RO        12181    .text               mc_w.l(uldiv.o)
    0x08000426   0x08000426   0x00000024   Code   RO        12186    .text               mc_w.l(memcpya.o)
    0x0800044a   0x0800044a   0x00000024   Code   RO        12190    .text               mc_w.l(memseta.o)
    0x0800046e   0x0800046e   0x0000000e   Code   RO        12192    .text               mc_w.l(strlen.o)
    0x0800047c   0x0800047c   0x0000001e   Code   RO        12550    .text               mc_w.l(llshl.o)
    0x0800049a   0x0800049a   0x00000020   Code   RO        12552    .text               mc_w.l(llushr.o)
    0x080004ba   0x080004ba   0x00000000   Code   RO        12563    .text               mc_w.l(iusefp.o)
    0x080004ba   0x080004ba   0x00000052   Code   RO        12564    .text               mf_w.l(frem.o)
    0x0800050c   0x0800050c   0x00000004   Code   RO        12576    .text               mf_w.l(fpstat.o)
    0x08000510   0x08000510   0x00000024   Code   RO        12588    .text               mc_w.l(init.o)
    0x08000534   0x08000534   0x0000006e   Code   RO        12592    .text               mf_w.l(fepilogue.o)
    0x080005a2   0x080005a2   0x0000005e   Code   RO        12604    .text               mc_w.l(__dclz77c.o)
    0x08000600   0x08000600   0x00000090   Code   RO        11857    .text.arm_cos_f32   arm_cortexM7lfdp_math.lib(arm_cos_f32.o)
    0x08000690   0x08000690   0x000000be   Code   RO        11877    .text.arm_mat_add_f32  arm_cortexM7lfdp_math.lib(arm_mat_add_f32.o)
    0x0800074e   0x0800074e   0x00000008   Code   RO        11887    .text.arm_mat_init_f32  arm_cortexM7lfdp_math.lib(arm_mat_init_f32.o)
    0x08000756   0x08000756   0x00000002   PAD
    0x08000758   0x08000758   0x000002cc   Code   RO        11896    .text.arm_mat_inverse_f32  arm_cortexM7lfdp_math.lib(arm_mat_inverse_f32.o)
    0x08000a24   0x08000a24   0x00000130   Code   RO        11906    .text.arm_mat_mult_f32  arm_cortexM7lfdp_math.lib(arm_mat_mult_f32.o)
    0x08000b54   0x08000b54   0x000000be   Code   RO        11916    .text.arm_mat_sub_f32  arm_cortexM7lfdp_math.lib(arm_mat_sub_f32.o)
    0x08000c12   0x08000c12   0x00000002   PAD
    0x08000c14   0x08000c14   0x000000b4   Code   RO        11926    .text.arm_mat_trans_f32  arm_cortexM7lfdp_math.lib(arm_mat_trans_f32.o)
    0x08000cc8   0x08000cc8   0x0000008c   Code   RO        11867    .text.arm_sin_f32   arm_cortexM7lfdp_math.lib(arm_sin_f32.o)
    0x08000d54   0x08000d54   0x00000004   Code   RO          766    i.BusFault_Handler  stm32h7xx_it.o
    0x08000d58   0x08000d58   0x00000038   Code   RO         1186    i.CDC_Transmit_HS   usbd_cdc_if.o
    0x08000d90   0x08000d90   0x00000010   Code   RO          767    i.DMA1_Stream0_IRQHandler  stm32h7xx_it.o
    0x08000da0   0x08000da0   0x00000010   Code   RO          768    i.DMA1_Stream1_IRQHandler  stm32h7xx_it.o
    0x08000db0   0x08000db0   0x00000010   Code   RO          769    i.DMA1_Stream2_IRQHandler  stm32h7xx_it.o
    0x08000dc0   0x08000dc0   0x00000010   Code   RO          770    i.DMA1_Stream3_IRQHandler  stm32h7xx_it.o
    0x08000dd0   0x08000dd0   0x00000010   Code   RO          771    i.DMA1_Stream4_IRQHandler  stm32h7xx_it.o
    0x08000de0   0x08000de0   0x00000010   Code   RO          772    i.DMA1_Stream5_IRQHandler  stm32h7xx_it.o
    0x08000df0   0x08000df0   0x00000010   Code   RO          773    i.DMA1_Stream6_IRQHandler  stm32h7xx_it.o
    0x08000e00   0x08000e00   0x00000010   Code   RO          774    i.DMA1_Stream7_IRQHandler  stm32h7xx_it.o
    0x08000e10   0x08000e10   0x00000010   Code   RO          775    i.DMA2_Stream0_IRQHandler  stm32h7xx_it.o
    0x08000e20   0x08000e20   0x00000010   Code   RO          776    i.DMA2_Stream1_IRQHandler  stm32h7xx_it.o
    0x08000e30   0x08000e30   0x00000010   Code   RO          777    i.DMA2_Stream2_IRQHandler  stm32h7xx_it.o
    0x08000e40   0x08000e40   0x000000ec   Code   RO         5550    i.DMA_CalcBaseAndBitshift  stm32h7xx_hal_dma.o
    0x08000f2c   0x08000f2c   0x000000c4   Code   RO         5551    i.DMA_CalcDMAMUXChannelBaseAndMask  stm32h7xx_hal_dma.o
    0x08000ff0   0x08000ff0   0x00000098   Code   RO         5552    i.DMA_CalcDMAMUXRequestGenBaseAndMask  stm32h7xx_hal_dma.o
    0x08001088   0x08001088   0x000000ae   Code   RO         5553    i.DMA_CheckFifoParam  stm32h7xx_hal_dma.o
    0x08001136   0x08001136   0x00000002   PAD
    0x08001138   0x08001138   0x00000274   Code   RO         5554    i.DMA_SetConfig     stm32h7xx_hal_dma.o
    0x080013ac   0x080013ac   0x00000002   Code   RO          778    i.DebugMon_Handler  stm32h7xx_it.o
    0x080013ae   0x080013ae   0x00000006   Code   RO           13    i.Error_Handler     main.o
    0x080013b4   0x080013b4   0x00000010   Code   RO          779    i.FDCAN1_IT0_IRQHandler  stm32h7xx_it.o
    0x080013c4   0x080013c4   0x00000010   Code   RO          780    i.FDCAN2_IT0_IRQHandler  stm32h7xx_it.o
    0x080013d4   0x080013d4   0x00000010   Code   RO          781    i.FDCAN3_IT0_IRQHandler  stm32h7xx_it.o
    0x080013e4   0x080013e4   0x00000220   Code   RO         7327    i.FDCAN_CalcultateRamBlockAddresses  stm32h7xx_hal_fdcan.o
    0x08001604   0x08001604   0x000000d4   Code   RO         7328    i.FDCAN_CopyMessageToRAM  stm32h7xx_hal_fdcan.o
    0x080016d8   0x080016d8   0x0000007c   Code   RO         4036    i.FGT_sin_calc      func_generator.o
    0x08001754   0x08001754   0x0000002c   Code   RO         4037    i.FGT_sin_init      func_generator.o
    0x08001780   0x08001780   0x000004dc   Code   RO         5555    i.HAL_DMA_Abort     stm32h7xx_hal_dma.o
    0x08001c5c   0x08001c5c   0x00000398   Code   RO         5556    i.HAL_DMA_Abort_IT  stm32h7xx_hal_dma.o
    0x08001ff4   0x08001ff4   0x00000006   Code   RO         5558    i.HAL_DMA_GetError  stm32h7xx_hal_dma.o
    0x08001ffa   0x08001ffa   0x00000002   PAD
    0x08001ffc   0x08001ffc   0x00000af8   Code   RO         5560    i.HAL_DMA_IRQHandler  stm32h7xx_hal_dma.o
    0x08002af4   0x08002af4   0x00000514   Code   RO         5561    i.HAL_DMA_Init      stm32h7xx_hal_dma.o
    0x08003008   0x08003008   0x000003e0   Code   RO         5565    i.HAL_DMA_Start_IT  stm32h7xx_hal_dma.o
    0x080033e8   0x080033e8   0x00000028   Code   RO         6398    i.HAL_Delay         stm32h7xx_hal.o
    0x08003410   0x08003410   0x000000a8   Code   RO         7330    i.HAL_FDCAN_ActivateNotification  stm32h7xx_hal_fdcan.o
    0x080034b8   0x080034b8   0x00000090   Code   RO         7332    i.HAL_FDCAN_AddMessageToTxFifoQ  stm32h7xx_hal_fdcan.o
    0x08003548   0x08003548   0x00000002   Code   RO         7333    i.HAL_FDCAN_ClockCalibrationCallback  stm32h7xx_hal_fdcan.o
    0x0800354a   0x0800354a   0x000000a8   Code   RO         7337    i.HAL_FDCAN_ConfigFilter  stm32h7xx_hal_fdcan.o
    0x080035f2   0x080035f2   0x00000034   Code   RO         7338    i.HAL_FDCAN_ConfigGlobalFilter  stm32h7xx_hal_fdcan.o
    0x08003626   0x08003626   0x00000002   Code   RO         7359    i.HAL_FDCAN_ErrorCallback  stm32h7xx_hal_fdcan.o
    0x08003628   0x08003628   0x00000002   Code   RO         7360    i.HAL_FDCAN_ErrorStatusCallback  stm32h7xx_hal_fdcan.o
    0x0800362a   0x0800362a   0x00000002   PAD
    0x0800362c   0x0800362c   0x000001f4   Code   RO         7371    i.HAL_FDCAN_GetRxMessage  stm32h7xx_hal_fdcan.o
    0x08003820   0x08003820   0x00000002   Code   RO         7377    i.HAL_FDCAN_HighPriorityMessageCallback  stm32h7xx_hal_fdcan.o
    0x08003822   0x08003822   0x00000002   PAD
    0x08003824   0x08003824   0x000003ec   Code   RO         7378    i.HAL_FDCAN_IRQHandler  stm32h7xx_hal_fdcan.o
    0x08003c10   0x08003c10   0x000002e0   Code   RO         7379    i.HAL_FDCAN_Init    stm32h7xx_hal_fdcan.o
    0x08003ef0   0x08003ef0   0x000001b8   Code   RO          460    i.HAL_FDCAN_MspInit  fdcan.o
    0x080040a8   0x080040a8   0x00000002   Code   RO         7388    i.HAL_FDCAN_RxBufferNewMessageCallback  stm32h7xx_hal_fdcan.o
    0x080040aa   0x080040aa   0x00000002   PAD
    0x080040ac   0x080040ac   0x0000008c   Code   RO         2000    i.HAL_FDCAN_RxFifo0Callback  can_comm.o
    0x08004138   0x08004138   0x00000074   Code   RO         2001    i.HAL_FDCAN_RxFifo1Callback  can_comm.o
    0x080041ac   0x080041ac   0x00000034   Code   RO         7391    i.HAL_FDCAN_Start   stm32h7xx_hal_fdcan.o
    0x080041e0   0x080041e0   0x00000002   Code   RO         7413    i.HAL_FDCAN_TT_GlobalTimeCallback  stm32h7xx_hal_fdcan.o
    0x080041e2   0x080041e2   0x00000002   Code   RO         7414    i.HAL_FDCAN_TT_ScheduleSyncCallback  stm32h7xx_hal_fdcan.o
    0x080041e4   0x080041e4   0x00000002   Code   RO         7419    i.HAL_FDCAN_TT_StopWatchCallback  stm32h7xx_hal_fdcan.o
    0x080041e6   0x080041e6   0x00000002   Code   RO         7420    i.HAL_FDCAN_TT_TimeMarkCallback  stm32h7xx_hal_fdcan.o
    0x080041e8   0x080041e8   0x00000002   Code   RO         7421    i.HAL_FDCAN_TimeoutOccurredCallback  stm32h7xx_hal_fdcan.o
    0x080041ea   0x080041ea   0x00000002   Code   RO         7422    i.HAL_FDCAN_TimestampWraparoundCallback  stm32h7xx_hal_fdcan.o
    0x080041ec   0x080041ec   0x00000002   Code   RO         7423    i.HAL_FDCAN_TxBufferAbortCallback  stm32h7xx_hal_fdcan.o
    0x080041ee   0x080041ee   0x00000002   Code   RO         7424    i.HAL_FDCAN_TxBufferCompleteCallback  stm32h7xx_hal_fdcan.o
    0x080041f0   0x080041f0   0x00000002   Code   RO         7425    i.HAL_FDCAN_TxEventFifoCallback  stm32h7xx_hal_fdcan.o
    0x080041f2   0x080041f2   0x00000002   Code   RO         7426    i.HAL_FDCAN_TxFifoEmptyCallback  stm32h7xx_hal_fdcan.o
    0x080041f4   0x080041f4   0x000001fc   Code   RO         5403    i.HAL_GPIO_Init     stm32h7xx_hal_gpio.o
    0x080043f0   0x080043f0   0x0000000c   Code   RO         5407    i.HAL_GPIO_WritePin  stm32h7xx_hal_gpio.o
    0x080043fc   0x080043fc   0x0000000c   Code   RO         6414    i.HAL_GetTick       stm32h7xx_hal.o
    0x08004408   0x08004408   0x0000000e   Code   RO         7946    i.HAL_IWDG_Refresh  stm32h7xx_hal_iwdg.o
    0x08004416   0x08004416   0x00000002   PAD
    0x08004418   0x08004418   0x00000018   Code   RO         6420    i.HAL_IncTick       stm32h7xx_hal.o
    0x08004430   0x08004430   0x00000060   Code   RO         6421    i.HAL_Init          stm32h7xx_hal.o
    0x08004490   0x08004490   0x00000094   Code   RO          998    i.HAL_InitTick      stm32h7xx_hal_timebase_tim.o
    0x08004524   0x08004524   0x00000030   Code   RO          974    i.HAL_MspInit       stm32h7xx_hal_msp.o
    0x08004554   0x08004554   0x00000028   Code   RO         6251    i.HAL_NVIC_EnableIRQ  stm32h7xx_hal_cortex.o
    0x0800457c   0x0800457c   0x0000007a   Code   RO         6257    i.HAL_NVIC_SetPriority  stm32h7xx_hal_cortex.o
    0x080045f6   0x080045f6   0x00000002   PAD
    0x080045f8   0x080045f8   0x00000028   Code   RO         6258    i.HAL_NVIC_SetPriorityGrouping  stm32h7xx_hal_cortex.o
    0x08004620   0x08004620   0x00000002   Code   RO         4459    i.HAL_PCDEx_LPM_Callback  stm32h7xx_hal_pcd_ex.o
    0x08004622   0x08004622   0x0000000e   Code   RO         1242    i.HAL_PCD_ConnectCallback  usbd_conf.o
    0x08004630   0x08004630   0x00000020   Code   RO         1243    i.HAL_PCD_DataInStageCallback  usbd_conf.o
    0x08004650   0x08004650   0x00000020   Code   RO         1244    i.HAL_PCD_DataOutStageCallback  usbd_conf.o
    0x08004670   0x08004670   0x0000000e   Code   RO         1245    i.HAL_PCD_DisconnectCallback  usbd_conf.o
    0x0800467e   0x0800467e   0x0000007c   Code   RO         4238    i.HAL_PCD_EP_ClrStall  stm32h7xx_hal_pcd.o
    0x080046fa   0x080046fa   0x0000008c   Code   RO         4241    i.HAL_PCD_EP_Open   stm32h7xx_hal_pcd.o
    0x08004786   0x08004786   0x00000058   Code   RO         4242    i.HAL_PCD_EP_Receive  stm32h7xx_hal_pcd.o
    0x080047de   0x080047de   0x0000008a   Code   RO         4243    i.HAL_PCD_EP_SetStall  stm32h7xx_hal_pcd.o
    0x08004868   0x08004868   0x0000005a   Code   RO         4244    i.HAL_PCD_EP_Transmit  stm32h7xx_hal_pcd.o
    0x080048c2   0x080048c2   0x000005a0   Code   RO         4246    i.HAL_PCD_IRQHandler  stm32h7xx_hal_pcd.o
    0x08004e62   0x08004e62   0x00000012   Code   RO         1246    i.HAL_PCD_ISOINIncompleteCallback  usbd_conf.o
    0x08004e74   0x08004e74   0x00000012   Code   RO         1247    i.HAL_PCD_ISOOUTIncompleteCallback  usbd_conf.o
    0x08004e86   0x08004e86   0x00000030   Code   RO         1250    i.HAL_PCD_ResetCallback  usbd_conf.o
    0x08004eb6   0x08004eb6   0x0000000e   Code   RO         1251    i.HAL_PCD_ResumeCallback  usbd_conf.o
    0x08004ec4   0x08004ec4   0x0000000e   Code   RO         1252    i.HAL_PCD_SOFCallback  usbd_conf.o
    0x08004ed2   0x08004ed2   0x00000036   Code   RO         4255    i.HAL_PCD_SetAddress  stm32h7xx_hal_pcd.o
    0x08004f08   0x08004f08   0x00000012   Code   RO         1253    i.HAL_PCD_SetupStageCallback  usbd_conf.o
    0x08004f1a   0x08004f1a   0x00000002   PAD
    0x08004f1c   0x08004f1c   0x00000034   Code   RO         1254    i.HAL_PCD_SuspendCallback  usbd_conf.o
    0x08004f50   0x08004f50   0x00000060   Code   RO         6004    i.HAL_PWREx_ConfigSupply  stm32h7xx_hal_pwr_ex.o
    0x08004fb0   0x08004fb0   0x00000024   Code   RO         4946    i.HAL_RCCEx_GetD3PCLK1Freq  stm32h7xx_hal_rcc_ex.o
    0x08004fd4   0x08004fd4   0x00000230   Code   RO         4948    i.HAL_RCCEx_GetPLL2ClockFreq  stm32h7xx_hal_rcc_ex.o
    0x08005204   0x08005204   0x00000230   Code   RO         4949    i.HAL_RCCEx_GetPLL3ClockFreq  stm32h7xx_hal_rcc_ex.o
    0x08005434   0x08005434   0x00000ad4   Code   RO         4955    i.HAL_RCCEx_PeriphCLKConfig  stm32h7xx_hal_rcc_ex.o
    0x08005f08   0x08005f08   0x00000002   Code   RO         4830    i.HAL_RCC_CSSCallback  stm32h7xx_hal_rcc.o
    0x08005f0a   0x08005f0a   0x00000002   PAD
    0x08005f0c   0x08005f0c   0x00000320   Code   RO         4831    i.HAL_RCC_ClockConfig  stm32h7xx_hal_rcc.o
    0x0800622c   0x0800622c   0x00000014   Code   RO         4834    i.HAL_RCC_EnableCSS  stm32h7xx_hal_rcc.o
    0x08006240   0x08006240   0x0000006c   Code   RO         4835    i.HAL_RCC_GetClockConfig  stm32h7xx_hal_rcc.o
    0x080062ac   0x080062ac   0x0000004c   Code   RO         4836    i.HAL_RCC_GetHCLKFreq  stm32h7xx_hal_rcc.o
    0x080062f8   0x080062f8   0x00000024   Code   RO         4838    i.HAL_RCC_GetPCLK1Freq  stm32h7xx_hal_rcc.o
    0x0800631c   0x0800631c   0x00000024   Code   RO         4839    i.HAL_RCC_GetPCLK2Freq  stm32h7xx_hal_rcc.o
    0x08006340   0x08006340   0x0000022c   Code   RO         4840    i.HAL_RCC_GetSysClockFreq  stm32h7xx_hal_rcc.o
    0x0800656c   0x0800656c   0x00000024   Code   RO         4842    i.HAL_RCC_NMI_IRQHandler  stm32h7xx_hal_rcc.o
    0x08006590   0x08006590   0x000006c8   Code   RO         4843    i.HAL_RCC_OscConfig  stm32h7xx_hal_rcc.o
    0x08006c58   0x08006c58   0x000000e0   Code   RO         7982    i.HAL_RNG_Init      stm32h7xx_hal_rng.o
    0x08006d38   0x08006d38   0x00000054   Code   RO          545    i.HAL_RNG_MspInit   rng.o
    0x08006d8c   0x08006d8c   0x00000002   Code   RO         8120    i.HAL_SPI_ErrorCallback  stm32h7xx_hal_spi.o
    0x08006d8e   0x08006d8e   0x00000002   PAD
    0x08006d90   0x08006d90   0x000002a4   Code   RO         8123    i.HAL_SPI_IRQHandler  stm32h7xx_hal_spi.o
    0x08007034   0x08007034   0x0000017c   Code   RO         8124    i.HAL_SPI_Init      stm32h7xx_hal_spi.o
    0x080071b0   0x080071b0   0x00000108   Code   RO          587    i.HAL_SPI_MspInit   spi.o
    0x080072b8   0x080072b8   0x00000002   Code   RO         8130    i.HAL_SPI_RxCpltCallback  stm32h7xx_hal_spi.o
    0x080072ba   0x080072ba   0x00000002   PAD
    0x080072bc   0x080072bc   0x000001d8   Code   RO         8136    i.HAL_SPI_Transmit_DMA  stm32h7xx_hal_spi.o
    0x08007494   0x08007494   0x00000002   Code   RO         8138    i.HAL_SPI_TxCpltCallback  stm32h7xx_hal_spi.o
    0x08007496   0x08007496   0x00000002   Code   RO         8139    i.HAL_SPI_TxHalfCpltCallback  stm32h7xx_hal_spi.o
    0x08007498   0x08007498   0x00000002   Code   RO         8140    i.HAL_SPI_TxRxCpltCallback  stm32h7xx_hal_spi.o
    0x0800749a   0x0800749a   0x00000002   Code   RO         9168    i.HAL_TIMEx_Break2Callback  stm32h7xx_hal_tim_ex.o
    0x0800749c   0x0800749c   0x00000002   Code   RO         9169    i.HAL_TIMEx_BreakCallback  stm32h7xx_hal_tim_ex.o
    0x0800749e   0x0800749e   0x00000002   Code   RO         9170    i.HAL_TIMEx_CommutCallback  stm32h7xx_hal_tim_ex.o
    0x080074a0   0x080074a0   0x000000e4   Code   RO         9190    i.HAL_TIMEx_MasterConfigSynchronization  stm32h7xx_hal_tim_ex.o
    0x08007584   0x08007584   0x0000006e   Code   RO         8443    i.HAL_TIM_Base_Init  stm32h7xx_hal_tim.o
    0x080075f2   0x080075f2   0x00000002   PAD
    0x080075f4   0x080075f4   0x00000040   Code   RO          629    i.HAL_TIM_Base_MspInit  tim.o
    0x08007634   0x08007634   0x000000cc   Code   RO         8448    i.HAL_TIM_Base_Start_IT  stm32h7xx_hal_tim.o
    0x08007700   0x08007700   0x00000130   Code   RO         8452    i.HAL_TIM_ConfigClockSource  stm32h7xx_hal_tim.o
    0x08007830   0x08007830   0x00000002   Code   RO         8477    i.HAL_TIM_IC_CaptureCallback  stm32h7xx_hal_tim.o
    0x08007832   0x08007832   0x000001b8   Code   RO         8491    i.HAL_TIM_IRQHandler  stm32h7xx_hal_tim.o
    0x080079ea   0x080079ea   0x00000002   PAD
    0x080079ec   0x080079ec   0x0000005c   Code   RO          630    i.HAL_TIM_MspPostInit  tim.o
    0x08007a48   0x08007a48   0x00000002   Code   RO         8494    i.HAL_TIM_OC_DelayElapsedCallback  stm32h7xx_hal_tim.o
    0x08007a4a   0x08007a4a   0x00000168   Code   RO         8515    i.HAL_TIM_PWM_ConfigChannel  stm32h7xx_hal_tim.o
    0x08007bb2   0x08007bb2   0x0000006e   Code   RO         8518    i.HAL_TIM_PWM_Init  stm32h7xx_hal_tim.o
    0x08007c20   0x08007c20   0x00000030   Code   RO          632    i.HAL_TIM_PWM_MspInit  tim.o
    0x08007c50   0x08007c50   0x00000002   Code   RO         8521    i.HAL_TIM_PWM_PulseFinishedCallback  stm32h7xx_hal_tim.o
    0x08007c52   0x08007c52   0x00000002   PAD
    0x08007c54   0x08007c54   0x0000002c   Code   RO           14    i.HAL_TIM_PeriodElapsedCallback  main.o
    0x08007c80   0x08007c80   0x00000002   Code   RO         8534    i.HAL_TIM_TriggerCallback  stm32h7xx_hal_tim.o
    0x08007c82   0x08007c82   0x0000004e   Code   RO         9884    i.HAL_UARTEx_DisableFifoMode  stm32h7xx_hal_uart_ex.o
    0x08007cd0   0x08007cd0   0x00000002   Code   RO         9468    i.HAL_UARTEx_RxEventCallback  stm32h7xx_hal_uart.o
    0x08007cd2   0x08007cd2   0x00000002   Code   RO         9891    i.HAL_UARTEx_RxFifoFullCallback  stm32h7xx_hal_uart_ex.o
    0x08007cd4   0x08007cd4   0x0000005e   Code   RO         9892    i.HAL_UARTEx_SetRxFifoThreshold  stm32h7xx_hal_uart_ex.o
    0x08007d32   0x08007d32   0x0000005e   Code   RO         9893    i.HAL_UARTEx_SetTxFifoThreshold  stm32h7xx_hal_uart_ex.o
    0x08007d90   0x08007d90   0x00000002   Code   RO         9895    i.HAL_UARTEx_TxFifoEmptyCallback  stm32h7xx_hal_uart_ex.o
    0x08007d92   0x08007d92   0x00000002   Code   RO         9896    i.HAL_UARTEx_WakeupCallback  stm32h7xx_hal_uart_ex.o
    0x08007d94   0x08007d94   0x00000098   Code   RO         9471    i.HAL_UART_AbortReceive  stm32h7xx_hal_uart.o
    0x08007e2c   0x08007e2c   0x00000002   Code   RO         9484    i.HAL_UART_ErrorCallback  stm32h7xx_hal_uart.o
    0x08007e2e   0x08007e2e   0x00000002   PAD
    0x08007e30   0x08007e30   0x000003d4   Code   RO         9487    i.HAL_UART_IRQHandler  stm32h7xx_hal_uart.o
    0x08008204   0x08008204   0x00000078   Code   RO         9488    i.HAL_UART_Init     stm32h7xx_hal_uart.o
    0x0800827c   0x0800827c   0x00000628   Code   RO          695    i.HAL_UART_MspInit  usart.o
    0x080088a4   0x080088a4   0x00000064   Code   RO         9492    i.HAL_UART_Receive_DMA  stm32h7xx_hal_uart.o
    0x08008908   0x08008908   0x00000002   Code   RO         9495    i.HAL_UART_RxCpltCallback  stm32h7xx_hal_uart.o
    0x0800890a   0x0800890a   0x00000002   Code   RO         9496    i.HAL_UART_RxHalfCpltCallback  stm32h7xx_hal_uart.o
    0x0800890c   0x0800890c   0x000000b8   Code   RO         9498    i.HAL_UART_Transmit_DMA  stm32h7xx_hal_uart.o
    0x080089c4   0x080089c4   0x00000002   Code   RO         9500    i.HAL_UART_TxCpltCallback  stm32h7xx_hal_uart.o
    0x080089c6   0x080089c6   0x00000002   Code   RO         9501    i.HAL_UART_TxHalfCpltCallback  stm32h7xx_hal_uart.o
    0x080089c8   0x080089c8   0x00000004   Code   RO          782    i.HardFault_Handler  stm32h7xx_it.o
    0x080089cc   0x080089cc   0x000000f0   Code   RO          435    i.MX_DMA_Init       dma.o
    0x08008abc   0x08008abc   0x00000088   Code   RO          461    i.MX_FDCAN1_Init    fdcan.o
    0x08008b44   0x08008b44   0x0000008c   Code   RO          462    i.MX_FDCAN2_Init    fdcan.o
    0x08008bd0   0x08008bd0   0x00000088   Code   RO          463    i.MX_FDCAN3_Init    fdcan.o
    0x08008c58   0x08008c58   0x000000e0   Code   RO          344    i.MX_FREERTOS_Init  freertos.o
    0x08008d38   0x08008d38   0x00000174   Code   RO          320    i.MX_GPIO_Init      gpio.o
    0x08008eac   0x08008eac   0x00000024   Code   RO          546    i.MX_RNG_Init       rng.o
    0x08008ed0   0x08008ed0   0x00000064   Code   RO          588    i.MX_SPI1_Init      spi.o
    0x08008f34   0x08008f34   0x0000006c   Code   RO          633    i.MX_TIM2_Init      tim.o
    0x08008fa0   0x08008fa0   0x00000090   Code   RO          634    i.MX_TIM3_Init      tim.o
    0x08009030   0x08009030   0x0000006c   Code   RO          696    i.MX_UART9_Init     usart.o
    0x0800909c   0x0800909c   0x0000006c   Code   RO          697    i.MX_USART10_UART_Init  usart.o
    0x08009108   0x08009108   0x00000074   Code   RO          698    i.MX_USART1_UART_Init  usart.o
    0x0800917c   0x0800917c   0x0000006c   Code   RO          699    i.MX_USART2_UART_Init  usart.o
    0x080091e8   0x080091e8   0x0000006c   Code   RO          700    i.MX_USART3_UART_Init  usart.o
    0x08009254   0x08009254   0x0000006c   Code   RO          701    i.MX_USART6_UART_Init  usart.o
    0x080092c0   0x080092c0   0x00000004   Code   RO          783    i.MemManage_Handler  stm32h7xx_it.o
    0x080092c4   0x080092c4   0x00000008   Code   RO          784    i.NMI_Handler       stm32h7xx_it.o
    0x080092cc   0x080092cc   0x00000010   Code   RO          785    i.OTG_HS_EP1_IN_IRQHandler  stm32h7xx_it.o
    0x080092dc   0x080092dc   0x00000010   Code   RO          786    i.OTG_HS_EP1_OUT_IRQHandler  stm32h7xx_it.o
    0x080092ec   0x080092ec   0x00000010   Code   RO          787    i.OTG_HS_IRQHandler  stm32h7xx_it.o
    0x080092fc   0x080092fc   0x00000064   Code   RO         4260    i.PCD_EP_OutSetupPacket_int  stm32h7xx_hal_pcd.o
    0x08009360   0x08009360   0x0000017c   Code   RO         4261    i.PCD_EP_OutXfrComplete_int  stm32h7xx_hal_pcd.o
    0x080094dc   0x080094dc   0x000000b6   Code   RO         4262    i.PCD_WriteEmptyTxFifo  stm32h7xx_hal_pcd.o
    0x08009592   0x08009592   0x00000044   Code   RO           15    i.PeriphCommonClock_Config  main.o
    0x080095d6   0x080095d6   0x00000002   PAD
    0x080095d8   0x080095d8   0x00000164   Code   RO         4958    i.RCCEx_PLL2_Config  stm32h7xx_hal_rcc_ex.o
    0x0800973c   0x0800973c   0x00000164   Code   RO         4959    i.RCCEx_PLL3_Config  stm32h7xx_hal_rcc_ex.o
    0x080098a0   0x080098a0   0x00000010   Code   RO          788    i.SPI1_IRQHandler   stm32h7xx_it.o
    0x080098b0   0x080098b0   0x000000d6   Code   RO         8143    i.SPI_CloseTransfer  stm32h7xx_hal_spi.o
    0x08009986   0x08009986   0x0000001c   Code   RO         8144    i.SPI_DMAAbortOnError  stm32h7xx_hal_spi.o
    0x080099a2   0x080099a2   0x00000030   Code   RO         8145    i.SPI_DMAError      stm32h7xx_hal_spi.o
    0x080099d2   0x080099d2   0x0000000e   Code   RO         8147    i.SPI_DMAHalfTransmitCplt  stm32h7xx_hal_spi.o
    0x080099e0   0x080099e0   0x0000002e   Code   RO         8151    i.SPI_DMATransmitCplt  stm32h7xx_hal_spi.o
    0x08009a0e   0x08009a0e   0x0000001a   Code   RO         8154    i.SPI_GetPacketSize  stm32h7xx_hal_spi.o
    0x08009a28   0x08009a28   0x00000012   Code   RO        11591    i.SWAPBYTE          usbd_ctlreq.o
    0x08009a3a   0x08009a3a   0x00000002   PAD
    0x08009a3c   0x08009a3c   0x00000034   Code   RO        11374    i.SysTick_Handler   port.o
    0x08009a70   0x08009a70   0x000000c8   Code   RO           16    i.SystemClock_Config  main.o
    0x08009b38   0x08009b38   0x000000e8   Code   RO         4192    i.SystemInit        system_stm32h7xx.o
    0x08009c20   0x08009c20   0x00000010   Code   RO          789    i.TIM1_UP_IRQHandler  stm32h7xx_it.o
    0x08009c30   0x08009c30   0x00000010   Code   RO          790    i.TIM2_IRQHandler   stm32h7xx_it.o
    0x08009c40   0x08009c40   0x000000e0   Code   RO         8536    i.TIM_Base_SetConfig  stm32h7xx_hal_tim.o
    0x08009d20   0x08009d20   0x00000016   Code   RO         8547    i.TIM_ETR_SetConfig  stm32h7xx_hal_tim.o
    0x08009d36   0x08009d36   0x00000002   PAD
    0x08009d38   0x08009d38   0x00000018   Code   RO         8548    i.TIM_ITRx_SetConfig  stm32h7xx_hal_tim.o
    0x08009d50   0x08009d50   0x000000ac   Code   RO         8549    i.TIM_OC1_SetConfig  stm32h7xx_hal_tim.o
    0x08009dfc   0x08009dfc   0x000000b4   Code   RO         8550    i.TIM_OC2_SetConfig  stm32h7xx_hal_tim.o
    0x08009eb0   0x08009eb0   0x000000b0   Code   RO         8551    i.TIM_OC3_SetConfig  stm32h7xx_hal_tim.o
    0x08009f60   0x08009f60   0x00000070   Code   RO         8552    i.TIM_OC4_SetConfig  stm32h7xx_hal_tim.o
    0x08009fd0   0x08009fd0   0x0000006c   Code   RO         8553    i.TIM_OC5_SetConfig  stm32h7xx_hal_tim.o
    0x0800a03c   0x0800a03c   0x0000006c   Code   RO         8554    i.TIM_OC6_SetConfig  stm32h7xx_hal_tim.o
    0x0800a0a8   0x0800a0a8   0x00000026   Code   RO         8556    i.TIM_TI1_ConfigInputStage  stm32h7xx_hal_tim.o
    0x0800a0ce   0x0800a0ce   0x00000028   Code   RO         8558    i.TIM_TI2_ConfigInputStage  stm32h7xx_hal_tim.o
    0x0800a0f6   0x0800a0f6   0x00000002   PAD
    0x0800a0f8   0x0800a0f8   0x00000058   Code   RO         9897    i.UARTEx_SetNbDataToProcess  stm32h7xx_hal_uart_ex.o
    0x0800a150   0x0800a150   0x000000f8   Code   RO         9502    i.UART_AdvFeatureConfig  stm32h7xx_hal_uart.o
    0x0800a248   0x0800a248   0x00000076   Code   RO         9503    i.UART_CheckIdleState  stm32h7xx_hal_uart.o
    0x0800a2be   0x0800a2be   0x00000018   Code   RO         9504    i.UART_DMAAbortOnError  stm32h7xx_hal_uart.o
    0x0800a2d6   0x0800a2d6   0x0000005e   Code   RO         9505    i.UART_DMAError     stm32h7xx_hal_uart.o
    0x0800a334   0x0800a334   0x0000006a   Code   RO         9506    i.UART_DMAReceiveCplt  stm32h7xx_hal_uart.o
    0x0800a39e   0x0800a39e   0x00000022   Code   RO         9508    i.UART_DMARxHalfCplt  stm32h7xx_hal_uart.o
    0x0800a3c0   0x0800a3c0   0x00000036   Code   RO         9510    i.UART_DMATransmitCplt  stm32h7xx_hal_uart.o
    0x0800a3f6   0x0800a3f6   0x0000000e   Code   RO         9512    i.UART_DMATxHalfCplt  stm32h7xx_hal_uart.o
    0x0800a404   0x0800a404   0x0000003c   Code   RO         9514    i.UART_EndRxTransfer  stm32h7xx_hal_uart.o
    0x0800a440   0x0800a440   0x00000022   Code   RO         9515    i.UART_EndTransmit_IT  stm32h7xx_hal_uart.o
    0x0800a462   0x0800a462   0x00000020   Code   RO         9516    i.UART_EndTxTransfer  stm32h7xx_hal_uart.o
    0x0800a482   0x0800a482   0x00000002   PAD
    0x0800a484   0x0800a484   0x00000628   Code   RO         9521    i.UART_SetConfig    stm32h7xx_hal_uart.o
    0x0800aaac   0x0800aaac   0x000000a0   Code   RO         9522    i.UART_Start_Receive_DMA  stm32h7xx_hal_uart.o
    0x0800ab4c   0x0800ab4c   0x000000be   Code   RO         9528    i.UART_WaitOnFlagUntilTimeout  stm32h7xx_hal_uart.o
    0x0800ac0a   0x0800ac0a   0x00000002   PAD
    0x0800ac0c   0x0800ac0c   0x00000014   Code   RO          791    i.USART10_IRQHandler  stm32h7xx_it.o
    0x0800ac20   0x0800ac20   0x00000014   Code   RO          792    i.USART1_IRQHandler  stm32h7xx_it.o
    0x0800ac34   0x0800ac34   0x00000014   Code   RO          793    i.USART2_IRQHandler  stm32h7xx_it.o
    0x0800ac48   0x0800ac48   0x00000014   Code   RO          794    i.USART3_IRQHandler  stm32h7xx_it.o
    0x0800ac5c   0x0800ac5c   0x00000014   Code   RO          795    i.USART6_IRQHandler  stm32h7xx_it.o
    0x0800ac70   0x0800ac70   0x0000001c   Code   RO        11766    i.USBD_CDC_SetTxBuffer  usbd_cdc.o
    0x0800ac8c   0x0800ac8c   0x0000003c   Code   RO        11768    i.USBD_CDC_TransmitPacket  usbd_cdc.o
    0x0800acc8   0x0800acc8   0x0000001c   Code   RO        11453    i.USBD_ClrClassConfig  usbd_core.o
    0x0800ace4   0x0800ace4   0x0000003e   Code   RO        11592    i.USBD_ClrFeature   usbd_ctlreq.o
    0x0800ad22   0x0800ad22   0x00000018   Code   RO        11694    i.USBD_CtlContinueRx  usbd_ioreq.o
    0x0800ad3a   0x0800ad3a   0x00000018   Code   RO        11695    i.USBD_CtlContinueSendData  usbd_ioreq.o
    0x0800ad52   0x0800ad52   0x00000018   Code   RO        11593    i.USBD_CtlError     usbd_ctlreq.o
    0x0800ad6a   0x0800ad6a   0x0000001a   Code   RO        11697    i.USBD_CtlReceiveStatus  usbd_ioreq.o
    0x0800ad84   0x0800ad84   0x00000022   Code   RO        11698    i.USBD_CtlSendData  usbd_ioreq.o
    0x0800ada6   0x0800ada6   0x0000001a   Code   RO        11699    i.USBD_CtlSendStatus  usbd_ioreq.o
    0x0800adc0   0x0800adc0   0x00000056   Code   RO        11594    i.USBD_GetConfig    usbd_ctlreq.o
    0x0800ae16   0x0800ae16   0x00000232   Code   RO        11595    i.USBD_GetDescriptor  usbd_ctlreq.o
    0x0800b048   0x0800b048   0x0000005a   Code   RO        11597    i.USBD_GetStatus    usbd_ctlreq.o
    0x0800b0a2   0x0800b0a2   0x0000002c   Code   RO         1255    i.USBD_Get_USB_Status  usbd_conf.o
    0x0800b0ce   0x0800b0ce   0x00000026   Code   RO         1256    i.USBD_LL_ClearStallEP  usbd_conf.o
    0x0800b0f4   0x0800b0f4   0x000000e2   Code   RO        11456    i.USBD_LL_DataInStage  usbd_core.o
    0x0800b1d6   0x0800b1d6   0x0000008e   Code   RO        11457    i.USBD_LL_DataOutStage  usbd_core.o
    0x0800b264   0x0800b264   0x00000006   Code   RO        11458    i.USBD_LL_DevConnected  usbd_core.o
    0x0800b26a   0x0800b26a   0x00000020   Code   RO        11459    i.USBD_LL_DevDisconnected  usbd_core.o
    0x0800b28a   0x0800b28a   0x00000038   Code   RO         1263    i.USBD_LL_IsStallEP  usbd_conf.o
    0x0800b2c2   0x0800b2c2   0x00000030   Code   RO        11460    i.USBD_LL_IsoINIncomplete  usbd_core.o
    0x0800b2f2   0x0800b2f2   0x00000030   Code   RO        11461    i.USBD_LL_IsoOUTIncomplete  usbd_core.o
    0x0800b322   0x0800b322   0x00000030   Code   RO         1264    i.USBD_LL_OpenEP    usbd_conf.o
    0x0800b352   0x0800b352   0x00000030   Code   RO         1265    i.USBD_LL_PrepareReceive  usbd_conf.o
    0x0800b382   0x0800b382   0x0000006c   Code   RO        11462    i.USBD_LL_Reset     usbd_core.o
    0x0800b3ee   0x0800b3ee   0x00000016   Code   RO        11463    i.USBD_LL_Resume    usbd_core.o
    0x0800b404   0x0800b404   0x0000002c   Code   RO        11464    i.USBD_LL_SOF       usbd_core.o
    0x0800b430   0x0800b430   0x00000008   Code   RO        11465    i.USBD_LL_SetSpeed  usbd_core.o
    0x0800b438   0x0800b438   0x00000026   Code   RO         1266    i.USBD_LL_SetUSBAddress  usbd_conf.o
    0x0800b45e   0x0800b45e   0x00000076   Code   RO        11466    i.USBD_LL_SetupStage  usbd_core.o
    0x0800b4d4   0x0800b4d4   0x00000026   Code   RO         1267    i.USBD_LL_StallEP   usbd_conf.o
    0x0800b4fa   0x0800b4fa   0x00000014   Code   RO        11467    i.USBD_LL_Suspend   usbd_core.o
    0x0800b50e   0x0800b50e   0x00000030   Code   RO         1270    i.USBD_LL_Transmit  usbd_conf.o
    0x0800b53e   0x0800b53e   0x00000036   Code   RO        11599    i.USBD_ParseSetupRequest  usbd_ctlreq.o
    0x0800b574   0x0800b574   0x00000006   Code   RO        11469    i.USBD_RunTestMode  usbd_core.o
    0x0800b57a   0x0800b57a   0x0000005a   Code   RO        11600    i.USBD_SetAddress   usbd_ctlreq.o
    0x0800b5d4   0x0800b5d4   0x00000020   Code   RO        11470    i.USBD_SetClassConfig  usbd_core.o
    0x0800b5f4   0x0800b5f4   0x000000fc   Code   RO        11601    i.USBD_SetConfig    usbd_ctlreq.o
    0x0800b6f0   0x0800b6f0   0x00000018   Code   RO        11602    i.USBD_SetFeature   usbd_ctlreq.o
    0x0800b708   0x0800b708   0x000000a6   Code   RO        11603    i.USBD_StdDevReq    usbd_ctlreq.o
    0x0800b7ae   0x0800b7ae   0x0000022c   Code   RO        11604    i.USBD_StdEPReq     usbd_ctlreq.o
    0x0800b9da   0x0800b9da   0x0000007e   Code   RO        11605    i.USBD_StdItfReq    usbd_ctlreq.o
    0x0800ba58   0x0800ba58   0x000000d0   Code   RO         4526    i.USB_ActivateEndpoint  stm32h7xx_ll_usb.o
    0x0800bb28   0x0800bb28   0x00000028   Code   RO         4528    i.USB_ActivateSetup  stm32h7xx_ll_usb.o
    0x0800bb50   0x0800bb50   0x000001d8   Code   RO         4541    i.USB_EP0StartXfer  stm32h7xx_ll_usb.o
    0x0800bd28   0x0800bd28   0x00000070   Code   RO         4542    i.USB_EP0_OutStart  stm32h7xx_ll_usb.o
    0x0800bd98   0x0800bd98   0x0000008e   Code   RO         4543    i.USB_EPClearStall  stm32h7xx_ll_usb.o
    0x0800be26   0x0800be26   0x0000009a   Code   RO         4544    i.USB_EPSetStall    stm32h7xx_ll_usb.o
    0x0800bec0   0x0800bec0   0x00000344   Code   RO         4545    i.USB_EPStartXfer   stm32h7xx_ll_usb.o
    0x0800c204   0x0800c204   0x00000030   Code   RO         4548    i.USB_FlushTxFifo   stm32h7xx_ll_usb.o
    0x0800c234   0x0800c234   0x00000026   Code   RO         4550    i.USB_GetDevSpeed   stm32h7xx_ll_usb.o
    0x0800c25a   0x0800c25a   0x0000000a   Code   RO         4552    i.USB_GetMode       stm32h7xx_ll_usb.o
    0x0800c264   0x0800c264   0x00000014   Code   RO         4559    i.USB_ReadDevAllInEpInterrupt  stm32h7xx_ll_usb.o
    0x0800c278   0x0800c278   0x00000014   Code   RO         4560    i.USB_ReadDevAllOutEpInterrupt  stm32h7xx_ll_usb.o
    0x0800c28c   0x0800c28c   0x00000032   Code   RO         4561    i.USB_ReadDevInEPInterrupt  stm32h7xx_ll_usb.o
    0x0800c2be   0x0800c2be   0x0000001a   Code   RO         4562    i.USB_ReadDevOutEPInterrupt  stm32h7xx_ll_usb.o
    0x0800c2d8   0x0800c2d8   0x0000000a   Code   RO         4563    i.USB_ReadInterrupts  stm32h7xx_ll_usb.o
    0x0800c2e2   0x0800c2e2   0x00000060   Code   RO         4564    i.USB_ReadPacket    stm32h7xx_ll_usb.o
    0x0800c342   0x0800c342   0x0000002a   Code   RO         4567    i.USB_SetDevAddress  stm32h7xx_ll_usb.o
    0x0800c36c   0x0800c36c   0x000000e8   Code   RO         4569    i.USB_SetTurnaroundTime  stm32h7xx_ll_usb.o
    0x0800c454   0x0800c454   0x00000044   Code   RO         4572    i.USB_WritePacket   stm32h7xx_ll_usb.o
    0x0800c498   0x0800c498   0x00000004   Code   RO          796    i.UsageFault_Handler  stm32h7xx_it.o
    0x0800c49c   0x0800c49c   0x00000026   Code   RO        12504    i.__ARM_fpclassifyf  m_wv.l(fpclassifyf.o)
    0x0800c4c2   0x0800c4c2   0x00000002   PAD
    0x0800c4c4   0x0800c4c4   0x00000010   Code   RO         6264    i.__NVIC_GetPriorityGrouping  stm32h7xx_hal_cortex.o
    0x0800c4d4   0x0800c4d4   0x00000028   Code   RO         6265    i.__NVIC_SetPriority  stm32h7xx_hal_cortex.o
    0x0800c4fc   0x0800c4fc   0x00000124   Code   RO        12030    i.__hardfp_acosf    m_wv.l(acosf.o)
    0x0800c620   0x0800c620   0x00000258   Code   RO        12042    i.__hardfp_atan2f   m_wv.l(atan2f.o)
    0x0800c878   0x0800c878   0x00000170   Code   RO        12054    i.__hardfp_atanf    m_wv.l(atanf.o)
    0x0800c9e8   0x0800c9e8   0x00000150   Code   RO        12078    i.__hardfp_cosf     m_wv.l(cosf.o)
    0x0800cb38   0x0800cb38   0x000000b0   Code   RO        12090    i.__hardfp_fmodf    m_wv.l(fmodf.o)
    0x0800cbe8   0x0800cbe8   0x00000658   Code   RO        12116    i.__hardfp_powf     m_wv.l(powf.o)
    0x0800d240   0x0800d240   0x00000194   Code   RO        12130    i.__hardfp_sinf     m_wv.l(sinf.o)
    0x0800d3d4   0x0800d3d4   0x0000003a   Code   RO        12154    i.__hardfp_sqrtf    m_wv.l(sqrtf.o)
    0x0800d40e   0x0800d40e   0x00000002   PAD
    0x0800d410   0x0800d410   0x00000180   Code   RO        12166    i.__hardfp_tanf     m_wv.l(tanf.o)
    0x0800d590   0x0800d590   0x00000018   Code   RO        12506    i.__mathlib_flt_divzero  m_wv.l(funder.o)
    0x0800d5a8   0x0800d5a8   0x00000006   Code   RO        12507    i.__mathlib_flt_infnan  m_wv.l(funder.o)
    0x0800d5ae   0x0800d5ae   0x00000006   Code   RO        12508    i.__mathlib_flt_infnan2  m_wv.l(funder.o)
    0x0800d5b4   0x0800d5b4   0x00000010   Code   RO        12509    i.__mathlib_flt_invalid  m_wv.l(funder.o)
    0x0800d5c4   0x0800d5c4   0x00000010   Code   RO        12510    i.__mathlib_flt_overflow  m_wv.l(funder.o)
    0x0800d5d4   0x0800d5d4   0x00000010   Code   RO        12512    i.__mathlib_flt_underflow  m_wv.l(funder.o)
    0x0800d5e4   0x0800d5e4   0x00000154   Code   RO        12525    i.__mathlib_rredf2  m_wv.l(rredf.o)
    0x0800d738   0x0800d738   0x0000000e   Code   RO        12598    i.__scatterload_copy  mc_w.l(handlers.o)
    0x0800d746   0x0800d746   0x00000002   Code   RO        12599    i.__scatterload_null  mc_w.l(handlers.o)
    0x0800d748   0x0800d748   0x0000000e   Code   RO        12600    i.__scatterload_zeroinit  mc_w.l(handlers.o)
    0x0800d756   0x0800d756   0x00000002   PAD
    0x0800d758   0x0800d758   0x0000000c   Code   RO        12558    i.__set_errno       mc_w.l(errno.o)
    0x0800d764   0x0800d764   0x000003a8   Code   RO         3125    i._ui_init_default_group1_0  ui_default_group1_0.o
    0x0800db0c   0x0800db0c   0x000000b8   Code   RO         3172    i._ui_init_default_group2_0  ui_default_group2_0.o
    0x0800dbc4   0x0800dbc4   0x000000b8   Code   RO         3215    i._ui_init_default_group2_1  ui_default_group2_1.o
    0x0800dc7c   0x0800dc7c   0x000000b4   Code   RO         3258    i._ui_init_default_group2_2  ui_default_group2_2.o
    0x0800dd30   0x0800dd30   0x000000b8   Code   RO         3301    i._ui_init_default_group2_3  ui_default_group2_3.o
    0x0800dde8   0x0800dde8   0x000000b8   Code   RO         3344    i._ui_init_default_group2_4  ui_default_group2_4.o
    0x0800dea0   0x0800dea0   0x000004f4   Code   RO         3387    i._ui_init_default_group3_0  ui_default_group3_0.o
    0x0800e394   0x0800e394   0x00000378   Code   RO         3433    i._ui_init_default_group4_0  ui_default_group4_0.o
    0x0800e70c   0x0800e70c   0x00000944   Code   RO         3476    i._ui_init_default_group5_0  ui_default_group5_0.o
    0x0800f050   0x0800f050   0x00000204   Code   RO         3526    i._ui_init_default_group5_1  ui_default_group5_1.o
    0x0800f254   0x0800f254   0x00000380   Code   RO         3389    i._ui_update_default_group3_0  ui_default_group3_0.o
    0x0800f5d4   0x0800f5d4   0x00000150   Code   RO         3435    i._ui_update_default_group4_0  ui_default_group4_0.o
    0x0800f724   0x0800f724   0x000006d0   Code   RO         3478    i._ui_update_default_group5_0  ui_default_group5_0.o
    0x0800fdf4   0x0800fdf4   0x0000012c   Code   RO         3528    i._ui_update_default_group5_1  ui_default_group5_1.o
    0x0800ff20   0x0800ff20   0x00000036   Code   RO         2835    i.aMartix_Add       math_matrix.o
    0x0800ff56   0x0800ff56   0x00000036   Code   RO         2836    i.aMartix_Cover     math_matrix.o
    0x0800ff8c   0x0800ff8c   0x0000006c   Code   RO         2839    i.aMartix_Mul       math_matrix.o
    0x0800fff8   0x0800fff8   0x00000038   Code   RO         3046    i.calc_crc16        ui_interface.o
    0x08010030   0x08010030   0x00000024   Code   RO         3047    i.calc_crc8         ui_interface.o
    0x08010054   0x08010054   0x00000048   Code   RO         2998    i.calculate_distance_Manhattan  knn.o
    0x0801009c   0x0801009c   0x00000290   Code   RO         2002    i.can_comm_init     can_comm.o
    0x0801032c   0x0801032c   0x0000004c   Code   RO         2003    i.can_std_transmit  can_comm.o
    0x08010378   0x08010378   0x000008dc   Code   RO         1735    i.chassis_data_input  chassis_task.o
    0x08010c54   0x08010c54   0x000002e4   Code   RO         1736    i.chassis_data_output  chassis_task.o
    0x08010f38   0x08010f38   0x0000019c   Code   RO         1737    i.chassis_init      chassis_task.o
    0x080110d4   0x080110d4   0x00000344   Code   RO         1738    i.chassis_mode_switch  chassis_task.o
    0x08011418   0x08011418   0x000000a4   Code   RO         1739    i.chassis_ramp      chassis_task.o
    0x080114bc   0x080114bc   0x00000050   Code   RO         1740    i.chassis_task      chassis_task.o
    0x0801150c   0x0801150c   0x00000078   Code   RO         2748    i.circle_error      math_lib.o
    0x08011584   0x08011584   0x00000070   Code   RO         1538    i.comm_task         comm_task.o
    0x080115f4   0x080115f4   0x00000024   Code   RO         2585    i.crc8_get_checksum  crc.o
    0x08011618   0x08011618   0x00000030   Code   RO         2587    i.crc8_verify_checksum  crc.o
    0x08011648   0x08011648   0x00000028   Code   RO         2750    i.data_limit        math_lib.o
    0x08011670   0x08011670   0x00000050   Code   RO         1449    i.debug_task        debug_task.o
    0x080116c0   0x080116c0   0x00000034   Code   RO         2092    i.dji_motor_check_offline  drv_dji_motor.o
    0x080116f4   0x080116f4   0x000001c8   Code   RO         2093    i.dji_motor_fill_data  drv_dji_motor.o
    0x080118bc   0x080118bc   0x00000038   Code   RO         2094    i.dji_motor_get_data  drv_dji_motor.o
    0x080118f4   0x080118f4   0x00000154   Code   RO         2095    i.dji_motor_get_single_data  drv_dji_motor.o
    0x08011a48   0x08011a48   0x00000028   Code   RO         2096    i.dji_motor_init    drv_dji_motor.o
    0x08011a70   0x08011a70   0x00000068   Code   RO         2097    i.dji_motor_output_data  drv_dji_motor.o
    0x08011ad8   0x08011ad8   0x00000148   Code   RO         2098    i.dji_motor_set_torque  drv_dji_motor.o
    0x08011c20   0x08011c20   0x0000015c   Code   RO         2299    i.dr16_get_data     prot_dr16.o
    0x08011d7c   0x08011d7c   0x000000c8   Code   RO         2956    i.f_changing_intergration_rate  pid.o
    0x08011e44   0x08011e44   0x0000004e   Code   RO         2999    i.find_nearest_neighbors  knn.o
    0x08011e92   0x08011e92   0x00000034   Code   RO         2161    i.float_to_uint     drv_ht_motor.o
    0x08011ec6   0x08011ec6   0x00000002   PAD
    0x08011ec8   0x08011ec8   0x00000030   Code   RO         1678    i.gimbal_data_output  gimbal_task.o
    0x08011ef8   0x08011ef8   0x00000114   Code   RO         1679    i.gimbal_get_vision_data  gimbal_task.o
    0x0801200c   0x0801200c   0x0000009c   Code   RO         1680    i.gimbal_init       gimbal_task.o
    0x080120a8   0x080120a8   0x000002a8   Code   RO         1681    i.gimbal_pid_calc   gimbal_task.o
    0x08012350   0x08012350   0x000001cc   Code   RO         1682    i.gimbal_task       gimbal_task.o
    0x0801251c   0x0801251c   0x00000030   Code   RO         2162    i.ht_motor_check_offline  drv_ht_motor.o
    0x0801254c   0x0801254c   0x00000030   Code   RO         2163    i.ht_motor_get_data  drv_ht_motor.o
    0x0801257c   0x0801257c   0x000000a0   Code   RO         2164    i.ht_motor_get_single_data  drv_ht_motor.o
    0x0801261c   0x0801261c   0x0000006c   Code   RO         2165    i.ht_motor_init     drv_ht_motor.o
    0x08012688   0x08012688   0x000001f0   Code   RO         2167    i.ht_motor_output_single_data  drv_ht_motor.o
    0x08012878   0x08012878   0x00000050   Code   RO         2168    i.ht_motor_set_control_cmd  drv_ht_motor.o
    0x080128c8   0x080128c8   0x00000140   Code   RO         2169    i.ht_motor_set_control_para  drv_ht_motor.o
    0x08012a08   0x08012a08   0x00000044   Code   RO         2371    i.imu_check_offline  prot_imu.o
    0x08012a4c   0x08012a4c   0x00000138   Code   RO         2372    i.imu_get_data      prot_imu.o
    0x08012b84   0x08012b84   0x00000010   Code   RO        10949    i.inHandlerMode     cmsis_os.o
    0x08012b94   0x08012b94   0x0000022c   Code   RO         1741    i.joint_motor_reset  chassis_task.o
    0x08012dc0   0x08012dc0   0x00000018   Code   RO         2407    i.judge_check_offline  prot_judge.o
    0x08012dd8   0x08012dd8   0x00000278   Code   RO         2408    i.judge_get_data    prot_judge.o
    0x08013050   0x08013050   0x0000000c   Code   RO         2409    i.judge_init        prot_judge.o
    0x0801305c   0x0801305c   0x0000002c   Code   RO         2410    i.judge_send_data   prot_judge.o
    0x08013088   0x08013088   0x000000b8   Code   RO         3684    i.k_array_fit       wlr.o
    0x08013140   0x08013140   0x000000ce   Code   RO         2677    i.kalman_filter_K_update  kalman_filter.o
    0x0801320e   0x0801320e   0x0000006e   Code   RO         2678    i.kalman_filter_P_update  kalman_filter.o
    0x0801327c   0x0801327c   0x0000006a   Code   RO         2679    i.kalman_filter_Pminus_update  kalman_filter.o
    0x080132e6   0x080132e6   0x00000002   PAD
    0x080132e8   0x080132e8   0x00000684   Code   RO         2680    i.kalman_filter_init  kalman_filter.o
    0x0801396c   0x0801396c   0x00000060   Code   RO         2681    i.kalman_filter_measure_update  kalman_filter.o
    0x080139cc   0x080139cc   0x000000ac   Code   RO         2682    i.kalman_filter_update  kalman_filter.o
    0x08013a78   0x08013a78   0x00000088   Code   RO         2683    i.kalman_filter_xhat_update  kalman_filter.o
    0x08013b00   0x08013b00   0x0000007e   Code   RO         2684    i.kalman_filter_xhatminus_update  kalman_filter.o
    0x08013b7e   0x08013b7e   0x00000002   PAD
    0x08013b80   0x08013b80   0x0000009c   Code   RO         2300    i.key_map           prot_dr16.o
    0x08013c1c   0x08013c1c   0x00000048   Code   RO         2301    i.key_scan          prot_dr16.o
    0x08013c64   0x08013c64   0x00000034   Code   RO         2302    i.key_scan_clear    prot_dr16.o
    0x08013c98   0x08013c98   0x00000010   Code   RO         2303    i.key_status_clear  prot_dr16.o
    0x08013ca8   0x08013ca8   0x000000b4   Code   RO         3000    i.knn_classify      knn.o
    0x08013d5c   0x08013d5c   0x0000000c   Code   RO         3944    i.log_init          data_log.o
    0x08013d68   0x08013d68   0x000000ac   Code   RO           18    i.main              main.o
    0x08013e14   0x08013e14   0x0000000e   Code   RO        10951    i.makeFreeRtosPriority  cmsis_os.o
    0x08013e22   0x08013e22   0x00000002   PAD
    0x08013e24   0x08013e24   0x0000006c   Code   RO        12458    i.malloc            mc_w.l(malloc.o)
    0x08013e90   0x08013e90   0x0000005c   Code   RO         1569    i.mode_switch_task  mode_switch_task.o
    0x08013eec   0x08013eec   0x000001a4   Code   RO         1621    i.normal_status     status_task.o
    0x08014090   0x08014090   0x00000018   Code   RO        10953    i.osDelay           cmsis_os.o
    0x080140a8   0x080140a8   0x0000001c   Code   RO        10954    i.osDelayUntil      cmsis_os.o
    0x080140c4   0x080140c4   0x0000000a   Code   RO        10956    i.osKernelStart     cmsis_os.o
    0x080140ce   0x080140ce   0x00000014   Code   RO        10957    i.osKernelSysTick   cmsis_os.o
    0x080140e2   0x080140e2   0x0000005e   Code   RO        10990    i.osThreadCreate    cmsis_os.o
    0x08014140   0x08014140   0x000000b0   Code   RO         3685    i.p_array_fit       wlr.o
    0x080141f0   0x080141f0   0x00000136   Code   RO         2959    i.pid_calc          pid.o
    0x08014326   0x08014326   0x0000001a   Code   RO         2960    i.pid_init          pid.o
    0x08014340   0x08014340   0x0000001c   Code   RO         2460    i.power_check_offline  prot_power.o
    0x0801435c   0x0801435c   0x00000064   Code   RO         2461    i.power_get_data    prot_power.o
    0x080143c0   0x080143c0   0x0000007c   Code   RO         2462    i.power_init        prot_power.o
    0x0801443c   0x0801443c   0x00000098   Code   RO        10464    i.prvAddCurrentTaskToDelayedList  tasks.o
    0x080144d4   0x080144d4   0x00000098   Code   RO        10465    i.prvAddNewTaskToReadyList  tasks.o
    0x0801456c   0x0801456c   0x00000074   Code   RO        10795    i.prvCheckForValidListAndQueue  timers.o
    0x080145e0   0x080145e0   0x00000048   Code   RO        10466    i.prvCheckTasksWaitingTermination  tasks.o
    0x08014628   0x08014628   0x0000002a   Code   RO        10130    i.prvCopyDataFromQueue  queue.o
    0x08014652   0x08014652   0x0000007e   Code   RO        10131    i.prvCopyDataToQueue  queue.o
    0x080146d0   0x080146d0   0x00000050   Code   RO        10467    i.prvDeleteTCB      tasks.o
    0x08014720   0x08014720   0x00000028   Code   RO        10796    i.prvGetNextExpireTime  timers.o
    0x08014748   0x08014748   0x0000007c   Code   RO        11318    i.prvHeapInit       heap_4.o
    0x080147c4   0x080147c4   0x0000001c   Code   RO        10468    i.prvIdleTask       tasks.o
    0x080147e0   0x080147e0   0x00000026   Code   RO        10134    i.prvInitialiseNewQueue  queue.o
    0x08014806   0x08014806   0x000000b4   Code   RO        10469    i.prvInitialiseNewTask  tasks.o
    0x080148ba   0x080148ba   0x00000002   PAD
    0x080148bc   0x080148bc   0x00000068   Code   RO        10470    i.prvInitialiseTaskLists  tasks.o
    0x08014924   0x08014924   0x00000068   Code   RO        11319    i.prvInsertBlockIntoFreeList  heap_4.o
    0x0801498c   0x0801498c   0x00000058   Code   RO        10798    i.prvInsertTimerInActiveList  timers.o
    0x080149e4   0x080149e4   0x0000001a   Code   RO        10135    i.prvIsQueueEmpty   queue.o
    0x080149fe   0x080149fe   0x0000001e   Code   RO        10136    i.prvIsQueueFull    queue.o
    0x08014a1c   0x08014a1c   0x00000074   Code   RO        10799    i.prvProcessExpiredTimer  timers.o
    0x08014a90   0x08014a90   0x00000138   Code   RO        10800    i.prvProcessReceivedCommands  timers.o
    0x08014bc8   0x08014bc8   0x00000074   Code   RO        10801    i.prvProcessTimerOrBlockTask  timers.o
    0x08014c3c   0x08014c3c   0x00000034   Code   RO        10471    i.prvResetNextTaskUnblockTime  tasks.o
    0x08014c70   0x08014c70   0x0000002c   Code   RO        10802    i.prvSampleTimeNow  timers.o
    0x08014c9c   0x08014c9c   0x000000a4   Code   RO        10803    i.prvSwitchTimerLists  timers.o
    0x08014d40   0x08014d40   0x00000040   Code   RO        11375    i.prvTaskExitError  port.o
    0x08014d80   0x08014d80   0x0000001a   Code   RO        10804    i.prvTimerTask      timers.o
    0x08014d9a   0x08014d9a   0x0000007e   Code   RO        10137    i.prvUnlockQueue    queue.o
    0x08014e18   0x08014e18   0x0000014c   Code   RO        11320    i.pvPortMalloc      heap_4.o
    0x08014f64   0x08014f64   0x0000002c   Code   RO        11376    i.pxPortInitialiseStack  port.o
    0x08014f90   0x08014f90   0x0000009a   Code   RO         2752    i.ramp_calc         math_lib.o
    0x0801502a   0x0801502a   0x00000002   PAD
    0x0801502c   0x0801502c   0x0000001c   Code   RO         2753    i.ramp_init         math_lib.o
    0x08015048   0x08015048   0x00000018   Code   RO         2304    i.rc_check_offline  prot_dr16.o
    0x08015060   0x08015060   0x00000014   Code   RO         2305    i.rc_fsm_check      prot_dr16.o
    0x08015074   0x08015074   0x00000168   Code   RO         2306    i.rc_fsm_init       prot_dr16.o
    0x080151dc   0x080151dc   0x0000007c   Code   RO         1570    i.remote_reset      mode_switch_task.o
    0x08015258   0x08015258   0x0000000c   Code   RO         2243    i.rgb_change        drv_ws2812b.o
    0x08015264   0x08015264   0x000000c4   Code   RO         2244    i.rgb_output_data   drv_ws2812b.o
    0x08015328   0x08015328   0x000000b0   Code   RO         2245    i.rgb_reflash       drv_ws2812b.o
    0x080153d8   0x080153d8   0x0000001c   Code   RO         2246    i.rgb_set_bright    drv_ws2812b.o
    0x080153f4   0x080153f4   0x00000034   Code   RO         2247    i.rgb_set_color     drv_ws2812b.o
    0x08015428   0x08015428   0x000000fc   Code   RO         1824    i.series_shoot_enable  shoot_task.o
    0x08015524   0x08015524   0x00000180   Code   RO         1825    i.shoot_control     shoot_task.o
    0x080156a4   0x080156a4   0x00000078   Code   RO         1826    i.shoot_data_output  shoot_task.o
    0x0801571c   0x0801571c   0x000000d0   Code   RO         1827    i.shoot_init        shoot_task.o
    0x080157ec   0x080157ec   0x00000154   Code   RO         1828    i.shoot_mode_switch  shoot_task.o
    0x08015940   0x08015940   0x00000084   Code   RO         1829    i.shoot_param_update  shoot_task.o
    0x080159c4   0x080159c4   0x000000ec   Code   RO         1830    i.shoot_pid_calc    shoot_task.o
    0x08015ab0   0x08015ab0   0x00000044   Code   RO         1831    i.shoot_task        shoot_task.o
    0x08015af4   0x08015af4   0x00000002   Code   RO         1832    i.shoot_test        shoot_task.o
    0x08015af6   0x08015af6   0x00000002   PAD
    0x08015af8   0x08015af8   0x00000094   Code   RO         1833    i.single_shoot_enable  shoot_task.o
    0x08015b8c   0x08015b8c   0x00000044   Code   RO         1834    i.single_shoot_reset  shoot_task.o
    0x08015bd0   0x08015bd0   0x0000003e   Code   RO        12156    i.sqrtf             m_wv.l(sqrtf.o)
    0x08015c0e   0x08015c0e   0x00000002   PAD
    0x08015c10   0x08015c10   0x00000100   Code   RO         3686    i.state_predict     wlr.o
    0x08015d10   0x08015d10   0x00000224   Code   RO         1622    i.status_task       status_task.o
    0x08015f34   0x08015f34   0x00000038   Code   RO         1571    i.sw1_mode_handler  mode_switch_task.o
    0x08015f6c   0x08015f6c   0x0000007c   Code   RO         3621    i.tlm_gnd_roll_calc  wheel_leg_model.o
    0x08015fe8   0x08015fe8   0x00000074   Code   RO         3622    i.tlm_init          wheel_leg_model.o
    0x0801605c   0x0801605c   0x000001f8   Code   RO         3623    i.tlm_leg_length_cacl  wheel_leg_model.o
    0x08016254   0x08016254   0x000000b4   Code   RO         3625    i.twm_init          wheel_leg_model.o
    0x08016308   0x08016308   0x0000002c   Code   RO         1911    i.ui_init           ui_task.o
    0x08016334   0x08016334   0x00000060   Code   RO         3050    i.ui_proc_2_frame   ui_interface.o
    0x08016394   0x08016394   0x00000060   Code   RO         3051    i.ui_proc_5_frame   ui_interface.o
    0x080163f4   0x080163f4   0x00000060   Code   RO         3052    i.ui_proc_7_frame   ui_interface.o
    0x08016454   0x08016454   0x00000074   Code   RO         3053    i.ui_proc_string_frame  ui_interface.o
    0x080164c8   0x080164c8   0x00000050   Code   RO         1912    i.ui_task           ui_task.o
    0x08016518   0x08016518   0x00000014   Code   RO         1913    i.ui_update         ui_task.o
    0x0801652c   0x0801652c   0x00000034   Code   RO         2170    i.uint_to_float     drv_ht_motor.o
    0x08016560   0x08016560   0x00000038   Code   RO         1572    i.unlock_init       mode_switch_task.o
    0x08016598   0x08016598   0x0000000c   Code   RO         4123    i.us_timer_get      us_time.o
    0x080165a4   0x080165a4   0x00000034   Code   RO         4124    i.us_timer_interval_test_end  us_time.o
    0x080165d8   0x080165d8   0x0000001c   Code   RO         4125    i.us_timer_interval_test_start  us_time.o
    0x080165f4   0x080165f4   0x00000020   Code   RO         4126    i.us_timer_minus    us_time.o
    0x08016614   0x08016614   0x00000018   Code   RO         4128    i.us_timer_start    us_time.o
    0x0801662c   0x0801662c   0x00000090   Code   RO         2056    i.usart_comm_init   usart_comm.o
    0x080166bc   0x080166bc   0x00000064   Code   RO         2057    i.usart_user_handler  usart_comm.o
    0x08016720   0x08016720   0x00000028   Code   RO        10093    i.uxListRemove      list.o
    0x08016748   0x08016748   0x00000018   Code   RO          346    i.vApplicationGetIdleTaskMemory  freertos.o
    0x08016760   0x08016760   0x00000018   Code   RO          347    i.vApplicationGetTimerTaskMemory  freertos.o
    0x08016778   0x08016778   0x0000001a   Code   RO        10094    i.vListInitialise   list.o
    0x08016792   0x08016792   0x00000006   Code   RO        10095    i.vListInitialiseItem  list.o
    0x08016798   0x08016798   0x00000034   Code   RO        10096    i.vListInsert       list.o
    0x080167cc   0x080167cc   0x00000018   Code   RO        10097    i.vListInsertEnd    list.o
    0x080167e4   0x080167e4   0x00000054   Code   RO        11378    i.vPortEnterCritical  port.o
    0x08016838   0x08016838   0x0000003c   Code   RO        11379    i.vPortExitCritical  port.o
    0x08016874   0x08016874   0x000000a4   Code   RO        11321    i.vPortFree         heap_4.o
    0x08016918   0x08016918   0x00000028   Code   RO        11380    i.vPortSetupTimerInterrupt  port.o
    0x08016940   0x08016940   0x00000078   Code   RO        11381    i.vPortValidateInterruptPriority  port.o
    0x080169b8   0x080169b8   0x0000002c   Code   RO        10141    i.vQueueAddToRegistry  queue.o
    0x080169e4   0x080169e4   0x0000004a   Code   RO        10144    i.vQueueWaitForMessageRestricted  queue.o
    0x08016a2e   0x08016a2e   0x00000002   PAD
    0x08016a30   0x08016a30   0x0000005c   Code   RO        10480    i.vTaskDelay        tasks.o
    0x08016a8c   0x08016a8c   0x000000d4   Code   RO        10481    i.vTaskDelayUntil   tasks.o
    0x08016b60   0x08016b60   0x00000018   Code   RO        10484    i.vTaskInternalSetTimeOutState  tasks.o
    0x08016b78   0x08016b78   0x0000000c   Code   RO        10485    i.vTaskMissedYield  tasks.o
    0x08016b84   0x08016b84   0x00000038   Code   RO        10487    i.vTaskPlaceOnEventList  tasks.o
    0x08016bbc   0x08016bbc   0x00000040   Code   RO        10488    i.vTaskPlaceOnEventListRestricted  tasks.o
    0x08016bfc   0x08016bfc   0x000000b8   Code   RO        10495    i.vTaskStartScheduler  tasks.o
    0x08016cb4   0x08016cb4   0x00000010   Code   RO        10497    i.vTaskSuspendAll   tasks.o
    0x08016cc4   0x08016cc4   0x0000008c   Code   RO        10498    i.vTaskSwitchContext  tasks.o
    0x08016d50   0x08016d50   0x00000018   Code   RO         2530    i.vision_check_offline  prot_vision.o
    0x08016d68   0x08016d68   0x000000fc   Code   RO         2532    i.vision_output_data  prot_vision.o
    0x08016e64   0x08016e64   0x00000654   Code   RO         3573    i.vmc_forward_solution  leg_vmc.o
    0x080174b8   0x080174b8   0x00000054   Code   RO         3574    i.vmc_init          leg_vmc.o
    0x0801750c   0x0801750c   0x000004c0   Code   RO         3575    i.vmc_inverse_solution  leg_vmc.o
    0x080179cc   0x080179cc   0x000010e8   Code   RO         3687    i.wlr_control       wlr.o
    0x08018ab4   0x08018ab4   0x000000ec   Code   RO         3688    i.wlr_fn_calc       wlr.o
    0x08018ba0   0x08018ba0   0x000001d0   Code   RO         3689    i.wlr_init          wlr.o
    0x08018d70   0x08018d70   0x00000044   Code   RO         3690    i.wlr_protest       wlr.o
    0x08018db4   0x08018db4   0x00000168   Code   RO        11382    i.xPortStartScheduler  port.o
    0x08018f1c   0x08018f1c   0x000000e0   Code   RO        10148    i.xQueueGenericCreateStatic  queue.o
    0x08018ffc   0x08018ffc   0x00000080   Code   RO        10149    i.xQueueGenericReset  queue.o
    0x0801907c   0x0801907c   0x00000184   Code   RO        10150    i.xQueueGenericSend  queue.o
    0x08019200   0x08019200   0x000000fc   Code   RO        10151    i.xQueueGenericSendFromISR  queue.o
    0x080192fc   0x080192fc   0x00000158   Code   RO        10157    i.xQueueReceive     queue.o
    0x08019454   0x08019454   0x0000008c   Code   RO        10500    i.xTaskCheckForTimeOut  tasks.o
    0x080194e0   0x080194e0   0x00000064   Code   RO        10501    i.xTaskCreate       tasks.o
    0x08019544   0x08019544   0x000000ba   Code   RO        10502    i.xTaskCreateStatic  tasks.o
    0x080195fe   0x080195fe   0x00000002   PAD
    0x08019600   0x08019600   0x00000020   Code   RO        10506    i.xTaskGetSchedulerState  tasks.o
    0x08019620   0x08019620   0x0000000c   Code   RO        10507    i.xTaskGetTickCount  tasks.o
    0x0801962c   0x0801962c   0x00000014   Code   RO        10508    i.xTaskGetTickCountFromISR  tasks.o
    0x08019640   0x08019640   0x0000010c   Code   RO        10509    i.xTaskIncrementTick  tasks.o
    0x0801974c   0x0801974c   0x000000c8   Code   RO        10512    i.xTaskPriorityDisinherit  tasks.o
    0x08019814   0x08019814   0x00000098   Code   RO        10514    i.xTaskRemoveFromEventList  tasks.o
    0x080198ac   0x080198ac   0x000000f0   Code   RO        10515    i.xTaskResumeAll    tasks.o
    0x0801999c   0x0801999c   0x00000078   Code   RO        10811    i.xTimerCreateTimerTask  timers.o
    0x08019a14   0x08019a14   0x00000084   Code   RO        10812    i.xTimerGenericCommand  timers.o
    0x08019a98   0x08019a98   0x000000e0   Data   RO          349    .constdata          freertos.o
    0x08019b78   0x08019b78   0x00000030   Data   RO         2100    .constdata          drv_dji_motor.o
    0x08019ba8   0x08019ba8   0x0000001f   Data   RO         2249    .constdata          drv_ws2812b.o
    0x08019bc7   0x08019bc7   0x00000001   PAD
    0x08019bc8   0x08019bc8   0x00000504   Data   RO         2590    .constdata          crc.o
    0x0801a0cc   0x0801a0cc   0x00000300   Data   RO         3054    .constdata          ui_interface.o
    0x0801a3cc   0x0801a3cc   0x00000014   Data   RO         3480    .constdata          ui_default_group5_0.o
    0x0801a3e0   0x0801a3e0   0x00000fa8   Data   RO         3692    .constdata          wlr.o
    0x0801b388   0x0801b388   0x00000010   Data   RO         4193    .constdata          system_stm32h7xx.o
    0x0801b398   0x0801b398   0x00000008   Data   RO         5567    .constdata          stm32h7xx_hal_dma.o
    0x0801b3a0   0x0801b3a0   0x0000005c   Data   RO         7427    .constdata          stm32h7xx_hal_fdcan.o
    0x0801b3fc   0x0801b3fc   0x00000018   Data   RO         9529    .constdata          stm32h7xx_hal_uart.o
    0x0801b414   0x0801b414   0x00000010   Data   RO         9899    .constdata          stm32h7xx_hal_uart_ex.o
    0x0801b424   0x0801b424   0x00000140   Data   RO        12119    .constdata          m_wv.l(powf.o)
    0x0801b564   0x0801b564   0x00000020   Data   RO        12526    .constdata          m_wv.l(rredf.o)
    0x0801b584   0x0801b584   0x0000005e   Data   RO          350    .conststring        freertos.o
    0x0801b5e2   0x0801b5e2   0x00000002   PAD
    0x0801b5e4   0x0801b5e4   0x0000002f   Data   RO         3952    .conststring        data_log.o
    0x0801b613   0x0801b613   0x00000001   PAD
    0x0801b614   0x0801b614   0x00000804   Data   RO        12022    .rodata.sinTable_f32  arm_cortexM7lfdp_math.lib(arm_common_tables.o)
    0x0801be18   0x0801be18   0x00000020   Data   RO        12596    Region$$Table       anon$$obj.o


    Execution Region RW_IRAM1 (Exec base: 0x20000000, Load base: 0x0801be38, Size: 0x00000000, Max: 0x00020000, ABSOLUTE)

    **** No section assigned to this execution region ****


    Execution Region RW_IRAM2 (Exec base: 0x24000000, Load base: 0x0801be38, Size: 0x0000bc50, Max: 0x00050000, ABSOLUTE, COMPRESSED[0x00000a64])

    Exec Addr    Load Addr    Size         Type   Attr      Idx    E Section Name        Object

    0x24000000   COMPRESSED   0x00000024   Data   RW          351    .data               freertos.o
    0x24000024   COMPRESSED   0x00000004   Data   RW          465    .data               fdcan.o
    0x24000028   COMPRESSED   0x00000008   Data   RW         1451    .data               debug_task.o
    0x24000030   COMPRESSED   0x00000003   Data   RW         1573    .data               mode_switch_task.o
    0x24000033   COMPRESSED   0x00000001   PAD
    0x24000034   COMPRESSED   0x00000008   Data   RW         1623    .data               status_task.o
    0x2400003c   COMPRESSED   0x0000002c   Data   RW         1684    .data               gimbal_task.o
    0x24000068   COMPRESSED   0x0000000f   Data   RW         1743    .data               chassis_task.o
    0x24000077   COMPRESSED   0x00000001   PAD
    0x24000078   COMPRESSED   0x0000000c   Data   RW         1836    .data               shoot_task.o
    0x24000084   COMPRESSED   0x00000008   Data   RW         2101    .data               drv_dji_motor.o
    0x2400008c   COMPRESSED   0x00000010   Data   RW         2172    .data               drv_ht_motor.o
    0x2400009c   COMPRESSED   0x00000002   Data   RW         2308    .data               prot_dr16.o
    0x2400009e   COMPRESSED   0x00000002   PAD
    0x240000a0   COMPRESSED   0x00000031   Data   RW         2412    .data               prot_judge.o
    0x240000d1   COMPRESSED   0x00000001   PAD
    0x240000d2   COMPRESSED   0x00000002   Data   RW         2685    .data               kalman_filter.o
    0x240000d4   COMPRESSED   0x00000f3c   Data   RW         3002    .data               knn.o
    0x24001010   COMPRESSED   0x00000008   Data   RW         3055    .data               ui_interface.o
    0x24001018   COMPRESSED   0x00000014   Data   RW         3129    .data               ui_default_group1_0.o
    0x2400102c   COMPRESSED   0x00000004   Data   RW         3176    .data               ui_default_group2_0.o
    0x24001030   COMPRESSED   0x00000004   Data   RW         3219    .data               ui_default_group2_1.o
    0x24001034   COMPRESSED   0x00000004   Data   RW         3262    .data               ui_default_group2_2.o
    0x24001038   COMPRESSED   0x00000004   Data   RW         3305    .data               ui_default_group2_3.o
    0x2400103c   COMPRESSED   0x00000004   Data   RW         3348    .data               ui_default_group2_4.o
    0x24001040   COMPRESSED   0x00000028   Data   RW         3391    .data               ui_default_group3_0.o
    0x24001068   COMPRESSED   0x00000014   Data   RW         3437    .data               ui_default_group4_0.o
    0x2400107c   COMPRESSED   0x00000024   Data   RW         3481    .data               ui_default_group5_0.o
    0x240010a0   COMPRESSED   0x00000008   Data   RW         3530    .data               ui_default_group5_1.o
    0x240010a8   COMPRESSED   0x00000268   Data   RW         3693    .data               wlr.o
    0x24001310   COMPRESSED   0x00000020   Data   RW         3953    .data               data_log.o
    0x24001330   COMPRESSED   0x00000008   Data   RW         4194    .data               system_stm32h7xx.o
    0x24001338   COMPRESSED   0x00000009   Data   RW         6445    .data               stm32h7xx_hal.o
    0x24001341   COMPRESSED   0x00000003   PAD
    0x24001344   COMPRESSED   0x0000003c   Data   RW        10518    .data               tasks.o
    0x24001380   COMPRESSED   0x00000014   Data   RW        10818    .data               timers.o
    0x24001394   COMPRESSED   0x00000020   Data   RW        11327    .data               heap_4.o
    0x240013b4   COMPRESSED   0x0000000c   Data   RW        11383    .data               port.o
    0x240013c0   COMPRESSED   0x00000001   Data   RW        11606    .data               usbd_ctlreq.o
    0x240013c1   COMPRESSED   0x00000003   PAD
    0x240013c4   COMPRESSED   0x00000004   Data   RW        12554    .data               mc_w.l(mvars.o)
    0x240013c8   COMPRESSED   0x00000004   Data   RW        12555    .data               mc_w.l(mvars.o)
    0x240013cc   COMPRESSED   0x00000004   Data   RW        12559    .data               mc_w.l(errno.o)
    0x240013d0        -       0x000006a8   Zero   RW          348    .bss                freertos.o
    0x24001a78        -       0x000001e0   Zero   RW          464    .bss                fdcan.o
    0x24001c58        -       0x00000010   Zero   RW          515    .bss                iwdg.o
    0x24001c68        -       0x00000014   Zero   RW          547    .bss                rng.o
    0x24001c7c        -       0x00000100   Zero   RW          589    .bss                spi.o
    0x24001d7c        -       0x00000098   Zero   RW          635    .bss                tim.o
    0x24001e14        -       0x00000810   Zero   RW          702    .bss                usart.o
    0x24002624        -       0x0000004c   Zero   RW         1001    .bss                stm32h7xx_hal_timebase_tim.o
    0x24002670        -       0x000002d0   Zero   RW         1038    .bss                usb_device.o
    0x24002940        -       0x00000628   Zero   RW         1273    .bss                usbd_conf.o
    0x24002f68        -       0x0000016c   Zero   RW         1683    .bss                gimbal_task.o
    0x240030d4        -       0x000003d0   Zero   RW         1742    .bss                chassis_task.o
    0x240034a4        -       0x00000170   Zero   RW         1835    .bss                shoot_task.o
    0x24003614        -       0x00000018   Zero   RW         1914    .bss                ui_task.o
    0x2400362c        -       0x000000f4   Zero   RW         2004    .bss                can_comm.o
    0x24003720        -       0x000000b2   Zero   RW         2058    .bss                usart_comm.o
    0x240037d2   COMPRESSED   0x00000002   PAD
    0x240037d4        -       0x000002b0   Zero   RW         2099    .bss                drv_dji_motor.o
    0x24003a84        -       0x00000110   Zero   RW         2171    .bss                drv_ht_motor.o
    0x24003b94        -       0x000000c4   Zero   RW         2248    .bss                drv_ws2812b.o
    0x24003c58        -       0x00000059   Zero   RW         2307    .bss                prot_dr16.o
    0x24003cb1   COMPRESSED   0x00000003   PAD
    0x24003cb4        -       0x00000050   Zero   RW         2373    .bss                prot_imu.o
    0x24003d04        -       0x000000f0   Zero   RW         2411    .bss                prot_judge.o
    0x24003df4        -       0x00000048   Zero   RW         2466    .bss                prot_power.o
    0x24003e3c        -       0x00000064   Zero   RW         2533    .bss                prot_vision.o
    0x24003ea0        -       0x00000030   Zero   RW         3001    .bss                knn.o
    0x24003ed0        -       0x0000005a   Zero   RW         3128    .bss                ui_default_group1_0.o
    0x24003f2a        -       0x0000003c   Zero   RW         3175    .bss                ui_default_group2_0.o
    0x24003f66        -       0x0000003c   Zero   RW         3218    .bss                ui_default_group2_1.o
    0x24003fa2        -       0x0000003c   Zero   RW         3261    .bss                ui_default_group2_2.o
    0x24003fde        -       0x0000003c   Zero   RW         3304    .bss                ui_default_group2_3.o
    0x2400401a        -       0x0000003c   Zero   RW         3347    .bss                ui_default_group2_4.o
    0x24004056        -       0x00000078   Zero   RW         3390    .bss                ui_default_group3_0.o
    0x240040ce        -       0x0000005a   Zero   RW         3436    .bss                ui_default_group4_0.o
    0x24004128        -       0x00000078   Zero   RW         3479    .bss                ui_default_group5_0.o
    0x240041a0        -       0x0000002d   Zero   RW         3529    .bss                ui_default_group5_1.o
    0x240041cd   COMPRESSED   0x00000003   PAD
    0x240041d0        -       0x00000218   Zero   RW         3576    .bss                leg_vmc.o
    0x240043e8        -       0x000003dc   Zero   RW         3627    .bss                wheel_leg_model.o
    0x240047c4        -       0x00000664   Zero   RW         3691    .bss                wlr.o
    0x24004e28        -       0x00000010   Zero   RW         4129    .bss                us_time.o
    0x24004e38        -       0x00000040   Zero   RW        10160    .bss                queue.o
    0x24004e78        -       0x000000f0   Zero   RW        10517    .bss                tasks.o
    0x24004f68        -       0x000000e8   Zero   RW        10817    .bss                timers.o
    0x24005050        -       0x00003c00   Zero   RW        11326    .bss                heap_4.o
    0x24008c50        -       0x00001000   Zero   RW            2    HEAP                startup_stm32h723xx.o
    0x24009c50        -       0x00002000   Zero   RW            1    STACK               startup_stm32h723xx.o


==============================================================================

Image component sizes


      Code (inc. data)   RO Data    RW Data    ZI Data      Debug   Object Name

       988        120          0          0        244       4222   can_comm.o
      5056        378          0         15        976      12876   chassis_task.o
       206          0          0          0          0      30264   cmsis_os.o
       112         10          0          0          0        608   comm_task.o
        84          4       1284          0          0       2021   crc.o
        12          6         47         32          0       3178   data_log.o
        80          8          0          8          0       1619   debug_task.o
       240          6          0          0          0        874   dma.o
      1376         54         48          8        688       8569   drv_dji_motor.o
      1364        100          0         16        272       8164   drv_ht_motor.o
       464         42         31          0        196       4308   drv_ws2812b.o
         0          0          0          0          0      17512   event_groups.o
       852         58          0          4        480       3317   fdcan.o
       272         44        318         36       1704       4295   freertos.o
       168         16          0          0          0       2522   func_generator.o
      1620        182          0         44        364      17489   gimbal_task.o
       372         26          0          0          0       1127   gpio.o
       724         74          0         32      15360       4855   heap_4.o
         0          0          0          0         16        201   iwdg.o
      2620         22          0          2          0       7677   kalman_filter.o
       330         18          0       3900         48       3477   knn.o
      2920         14          0          0        536       5071   leg_vmc.o
       148          0          0          0          0       3554   list.o
       490         18          0          0          0    1286997   main.o
       342         12          0          0          0       3492   math_lib.o
       216          4          0          0          0       2604   math_matrix.o
       328         48          0          3          0      43983   mode_switch_task.o
       536          6          0          0          0       3086   pid.o
      1014         92          0         12          0      12025   port.o
      1048         58          0          2         89       7382   prot_dr16.o
       380         24          0          0         80       2408   prot_imu.o
       712        108          0         49        240      11219   prot_judge.o
       252         44          0          0         72       3449   prot_power.o
       276         24          0          0        100       2597   prot_vision.o
      1842         18          0          0         64      17232   queue.o
       120         18          0          0         20       1591   rng.o
      1958        212          0         12        368       7338   shoot_task.o
       364         34          0          0        256       1834   spi.o
        36          8        716          0      12288        836   startup_stm32h723xx.o
       968         44          0          8          0       2838   status_task.o
       172         34          0          9          0      22842   stm32h7xx_hal.o
       258         22          0          0          0      39262   stm32h7xx_hal_cortex.o
      8656        162          8          0          0      13889   stm32h7xx_hal_dma.o
      3610         52         92          0          0      22320   stm32h7xx_hal_fdcan.o
       520         50          0          0          0       2332   stm32h7xx_hal_gpio.o
        14          0          0          0          0       1103   stm32h7xx_hal_iwdg.o
        48          6          0          0          0        814   stm32h7xx_hal_msp.o
      2736         14          0          0          0       9767   stm32h7xx_hal_pcd.o
         2          0          0          0          0        985   stm32h7xx_hal_pcd_ex.o
        96          6          0          0          0        773   stm32h7xx_hal_pwr_ex.o
      3406        130          0          0          0       9036   stm32h7xx_hal_rcc.o
      4640        112          0          0          0       7069   stm32h7xx_hal_rcc_ex.o
       224         10          0          0          0       1279   stm32h7xx_hal_rng.o
      1914         32          0          0          0      10325   stm32h7xx_hal_spi.o
      2740        236          0          0          0      15746   stm32h7xx_hal_tim.o
       234         38          0          0          0       3104   stm32h7xx_hal_tim_ex.o
       148         20          0          0         76       1475   stm32h7xx_hal_timebase_tim.o
      4292        188         24          0          0      38146   stm32h7xx_hal_uart.o
       360         10         16          0          0       5418   stm32h7xx_hal_uart_ex.o
       446        140          0          0          0      15376   stm32h7xx_it.o
      2624         64          0          0          0      14917   stm32h7xx_ll_usb.o
       232         32         16          8          0       1298   system_stm32h7xx.o
      2970        346          0         60        240      29119   tasks.o
       456         42          0          0        152       3567   tim.o
      1274        124          0         20        232      30635   timers.o
       936         24          0         20         90       1806   ui_default_group1_0.o
       184         14          0          4         60       1270   ui_default_group2_0.o
       184         14          0          4         60       1270   ui_default_group2_1.o
       180         12          0          4         60       1266   ui_default_group2_2.o
       184         14          0          4         60       1270   ui_default_group2_3.o
       184         14          0          4         60       1270   ui_default_group2_4.o
      2164        120          0         40        120       3194   ui_default_group3_0.o
      1224         56          0         20         90       2477   ui_default_group4_0.o
      4116        202         20         36        120       3057   ui_default_group5_0.o
       816         50          0          8         45       2160   ui_default_group5_1.o
       496         46        768          8          0       8739   ui_interface.o
       144          6          0          0         24       1842   ui_task.o
       148         24          0          0         16       3899   us_time.o
      2232        170          0          0       2064       6383   usart.o
       244         46          0          0        178       2012   usart_comm.o
         0          0          0          0        720       2030   usb_device.o
        88          0          0          0          0       3929   usbd_cdc.o
        56          6          0          0          0       1177   usbd_cdc_if.o
       632          6          0          0       1576      13614   usbd_conf.o
       888          0          0          0          0      11243   usbd_core.o
      2110         20          0          1          0      15755   usbd_ctlreq.o
       134          0          0          0          0       3952   usbd_ioreq.o
       924         36          0          0        988       6497   wheel_leg_model.o
      5712        386       4008        616       1636      10471   wlr.o

    ----------------------------------------------------------------------
     97004       5090       7432       5060      43136    1969891   Object Totals
         0          0         32          0          0          0   (incl. Generated)
        62          0          4         11          8          0   (incl. Padding)

    ----------------------------------------------------------------------

      Code (inc. data)   RO Data    RW Data    ZI Data      Debug   Library Member Name

         0          0       2052          0          0       4961   arm_common_tables.o
       144         12          0          0          0       1111   arm_cos_f32.o
       190          0          0          0          0       1836   arm_mat_add_f32.o
         8          0          0          0          0        841   arm_mat_init_f32.o
       716          4          0          0          0       3547   arm_mat_inverse_f32.o
       304          4          0          0          0       2362   arm_mat_mult_f32.o
       190          0          0          0          0       1834   arm_mat_sub_f32.o
       180          0          0          0          0       1862   arm_mat_trans_f32.o
       140         12          0          0          0       1098   arm_sin_f32.o
       292         58          0          0          0        176   acosf.o
       600         98          0          0          0        184   atan2f.o
       368         72          0          0          0        172   atanf.o
       336         60          0          0          0        136   cosf.o
       176          0          0          0          0        168   fmodf.o
        38          0          0          0          0        116   fpclassifyf.o
        84         28          0          0          0        696   funder.o
      1624        130        320          0          0        400   powf.o
       340         24         32          0          0        160   rredf.o
       404         60          0          0          0        212   sinf.o
       120          0          0          0          0        272   sqrtf.o
       384         62          0          0          0        200   tanf.o
        94          0          0          0          0          0   __dclz77c.o
         0          0          0          0          0          0   entry.o
         0          0          0          0          0          0   entry10a.o
         0          0          0          0          0          0   entry11a.o
         8          4          0          0          0          0   entry2.o
         4          0          0          0          0          0   entry5.o
         0          0          0          0          0          0   entry7b.o
         0          0          0          0          0          0   entry8b.o
         8          4          0          0          0          0   entry9a.o
        12          6          0          4          0         68   errno.o
        30          0          0          0          0          0   handlers.o
        36          8          0          0          0         68   init.o
         0          0          0          0          0          0   iusefp.o
        30          0          0          0          0         68   llshl.o
        32          0          0          0          0         68   llushr.o
       108         16          0          0          0         84   malloc.o
        36          0          0          0          0         68   memcpya.o
        36          0          0          0          0        108   memseta.o
         0          0          0          8          0          0   mvars.o
        14          0          0          0          0         68   strlen.o
        98          0          0          0          0         92   uldiv.o
       110          0          0          0          0        168   fepilogue.o
         4          0          0          0          0         68   fpstat.o
        82          0          0          0          0         96   frem.o

    ----------------------------------------------------------------------
      7392        662       2404         12          0      23368   Library Totals
        12          0          0          0          0          0   (incl. Padding)

    ----------------------------------------------------------------------

      Code (inc. data)   RO Data    RW Data    ZI Data      Debug   Library Name

      1872         32       2052          0          0      19452   arm_cortexM7lfdp_math.lib
      4766        592        352          0          0       2892   m_wv.l
       546         38          0         12          0        692   mc_w.l
       196          0          0          0          0        332   mf_w.l

    ----------------------------------------------------------------------
      7392        662       2404         12          0      23368   Library Totals

    ----------------------------------------------------------------------

==============================================================================


      Code (inc. data)   RO Data    RW Data    ZI Data      Debug   

    104396       5752       9836       5072      43136    1942215   Grand Totals
    104396       5752       9836       2660      43136    1942215   ELF Image Totals (compressed)
    104396       5752       9836       2660          0          0   ROM Totals

==============================================================================

    Total RO  Size (Code + RO Data)               114232 ( 111.55kB)
    Total RW  Size (RW Data + ZI Data)             48208 (  47.08kB)
    Total ROM Size (Code + RO Data + RW Data)     116892 ( 114.15kB)

==============================================================================

