<html>
<body>
<pre>
<h1>µVision Build Log</h1>
<h2>Tool Versions:</h2>
IDE-Version: ¦ÌVision V5.24.2.0
Copyright (C) 2017 ARM Ltd and ARM Germany GmbH. All rights reserved.
License Information: 1 6657, 1, LIC=WHYH9-49QE7-TG97T-RQ5GL-NW0Z1-B02PI
 
Tool Versions:
Toolchain:       MDK-ARM Plus  Version: 5.24.1
Toolchain Path:  B:\Keil5\ARM\ARMCLANG\Bin
C Compiler:      ArmClang.exe V6.7
Assembler:       Armasm.exe V6.7
Linker/Locator:  ArmLink.exe V6.7
Library Manager: ArmAr.exe V6.7
Hex Converter:   FromElf.exe V6.7
CPU DLL:         SARMCM3.DLL V5.24.1
Dialog DLL:      DCM.DLL V1.16.0.0
Target DLL:      CMSIS_AGDI.dll V1.28.3.0
Dialog DLL:      TCM.DLL V1.32.0.0
 
<h2>Project:</h2>
B:\GitHub\wheel_leg_balance\rm_main - AC6\MDK-ARM\rm_main.uvprojx
Project File Date:  09/16/2024

<h2>Output:</h2>
*** Using Compiler 'V6.7', folder: 'B:\Keil5\ARM\ARMCLANG\Bin'
Rebuild target 'rm_main'
assembling startup_stm32h723xx.s...
compiling usart.c...
compiling gpio.c...
compiling stm32h7xx_hal_timebase_tim.c...
compiling rng.c...
compiling fdcan.c...
compiling usb_device.c...
compiling spi.c...
compiling iwdg.c...
compiling stm32h7xx_hal_msp.c...
compiling freertos.c...
compiling stm32h7xx_it.c...
compiling main.c...
compiling dma.c...
compiling tim.c...
compiling usbd_desc.c...
compiling usbd_cdc_if.c...
compiling usbd_conf.c...
compiling comm_task.c...
compiling debug_task.c...
compiling mode_switch_task.c...
compiling status_task.c...
compiling gimbal_task.c...
compiling shoot_task.c...
compiling chassis_task.c...
compiling ui_task.c...
compiling can_comm.c...
compiling usart_comm.c...
compiling drv_dji_motor.c...
compiling drv_ht_motor.c...
compiling drv_ws2812b.c...
compiling prot_dr16.c...
compiling prot_imu.c...
compiling prot_judge.c...
compiling prot_power.c...
compiling crc.c...
compiling filter.c...
compiling prot_vision.c...
compiling kalman_filter.c...
compiling math_lib.c...
compiling pid.c...
compiling KNN.c...
compiling math_matrix.c...
compiling ui_interface.c...
compiling ui_default_group1_0.c...
compiling ui_default_group2_0.c...
compiling ui_default_group2_1.c...
compiling ui_default_group2_2.c...
compiling ui_default_group2_3.c...
compiling ui_default_group2_4.c...
compiling ui_default_group4_0.c...
compiling ui_default_group3_0.c...
compiling leg_vmc.c...
compiling ui_default_group5_1.c...
compiling ui_default_group5_0.c...
compiling wheel_leg_model.c...
compiling data_buffer.c...
compiling wlr.c...
compiling data_fifo.c...
compiling data_log.c...
compiling us_time.c...
compiling system_stm32h7xx.c...
compiling func_generator.c...
compiling stm32h7xx_hal_pcd_ex.c...
compiling stm32h7xx_hal_pcd.c...
compiling stm32h7xx_hal_rcc.c...
compiling stm32h7xx_ll_usb.c...
compiling stm32h7xx_hal_flash.c...
compiling stm32h7xx_hal_flash_ex.c...
compiling stm32h7xx_hal_gpio.c...
compiling stm32h7xx_hal_hsem.c...
compiling stm32h7xx_hal_rcc_ex.c...
compiling stm32h7xx_hal_dma_ex.c...
compiling stm32h7xx_hal_pwr.c...
compiling stm32h7xx_hal_mdma.c...
compiling stm32h7xx_hal_pwr_ex.c...
compiling stm32h7xx_hal_dma.c...
compiling stm32h7xx_hal_cortex.c...
compiling stm32h7xx_hal.c...
compiling stm32h7xx_hal_i2c_ex.c...
compiling stm32h7xx_hal_exti.c...
compiling stm32h7xx_hal_iwdg.c...
compiling stm32h7xx_hal_rng.c...
compiling stm32h7xx_hal_rng_ex.c...
compiling stm32h7xx_hal_i2c.c...
compiling stm32h7xx_hal_spi_ex.c...
compiling stm32h7xx_hal_fdcan.c...
compiling croutine.c...
compiling stm32h7xx_hal_spi.c...
compiling stm32h7xx_hal_tim_ex.c...
compiling stm32h7xx_hal_uart_ex.c...
compiling list.c...
compiling event_groups.c...
compiling stm32h7xx_hal_uart.c...
compiling stream_buffer.c...
compiling queue.c...
compiling stm32h7xx_hal_tim.c...
compiling timers.c...
compiling tasks.c...
compiling port.c...
compiling cmsis_os.c...
compiling heap_4.c...
compiling usbd_core.c...
compiling usbd_ctlreq.c...
compiling usbd_ioreq.c...
compiling usbd_cdc.c...
linking...
Program Size: Code=91988 RO-data=7188 RW-data=4680 ZI-data=42888  
FromELF: creating hex file...
"rm_main\rm_main.axf" - 0 Error(s), 0 Warning(s).

<h2>Software Packages used:</h2>

Package Vendor: ARM
                http://www.keil.com/pack/ARM.CMSIS.5.6.0.pack
                ARM.CMSIS.5.6.0
                CMSIS (Cortex Microcontroller Software Interface Standard)
   * Component: CORE Version: 5.3.0

Package Vendor: Keil
                https://www.keil.com/pack/Keil.STM32H7xx_DFP.3.1.1.pack
                Keil.STM32H7xx_DFP.3.1.1
                STMicroelectronics STM32H7 Series Device Support and Examples

<h2>Collection of Component include folders:</h2>
  .\RTE\_rm_main
  B:\Keil5\ARM\PACK\ARM\CMSIS\5.6.0\CMSIS\Core\Include
  B:\Keil5\ARM\PACK\Keil\STM32H7xx_DFP\3.1.1\Drivers\CMSIS\Device\ST\STM32H7xx\Include

<h2>Collection of Component Files used:</h2>

   * Component: ARM::CMSIS:CORE:5.3.0
Build Time Elapsed:  00:00:07
</pre>
</body>
</html>
